Component: ARM Compiler 5.06 update 6 (build 750) Tool: armlink [4d35ed]

==============================================================================

Section Cross References

    startup_stm32h742xx.o(STACK) refers (Special) to heapauxi.o(.text) for __use_two_region_memory
    startup_stm32h742xx.o(HEAP) refers (Special) to heapauxi.o(.text) for __use_two_region_memory
    startup_stm32h742xx.o(RESET) refers (Special) to heapauxi.o(.text) for __use_two_region_memory
    startup_stm32h742xx.o(RESET) refers to startup_stm32h742xx.o(STACK) for __initial_sp
    startup_stm32h742xx.o(RESET) refers to startup_stm32h742xx.o(.text) for Reset_Handler
    startup_stm32h742xx.o(RESET) refers to stm32h7xx_it.o(i.NMI_Handler) for NMI_Handler
    startup_stm32h742xx.o(RESET) refers to stm32h7xx_it.o(i.HardFault_Handler) for HardFault_Handler
    startup_stm32h742xx.o(RESET) refers to stm32h7xx_it.o(i.MemManage_Handler) for MemManage_Handler
    startup_stm32h742xx.o(RESET) refers to stm32h7xx_it.o(i.BusFault_Handler) for BusFault_Handler
    startup_stm32h742xx.o(RESET) refers to stm32h7xx_it.o(i.UsageFault_Handler) for UsageFault_Handler
    startup_stm32h742xx.o(RESET) refers to stm32h7xx_it.o(i.SVC_Handler) for SVC_Handler
    startup_stm32h742xx.o(RESET) refers to stm32h7xx_it.o(i.DebugMon_Handler) for DebugMon_Handler
    startup_stm32h742xx.o(RESET) refers to stm32h7xx_it.o(i.PendSV_Handler) for PendSV_Handler
    startup_stm32h742xx.o(RESET) refers to stm32h7xx_it.o(i.SysTick_Handler) for SysTick_Handler
    startup_stm32h742xx.o(RESET) refers to usart.o(i.USART6_IRQHandler) for USART6_IRQHandler
    startup_stm32h742xx.o(.text) refers (Special) to heapauxi.o(.text) for __use_two_region_memory
    startup_stm32h742xx.o(.text) refers to system_stm32h7xx_1.o(i.SystemInit) for SystemInit
    startup_stm32h742xx.o(.text) refers to __main.o(!!!main) for __main
    startup_stm32h742xx.o(.text) refers to startup_stm32h742xx.o(HEAP) for Heap_Mem
    startup_stm32h742xx.o(.text) refers to startup_stm32h742xx.o(STACK) for Stack_Mem
    main.o(i.SystemClock_Config) refers to rt_memclr_w.o(.text) for __aeabi_memclr4
    main.o(i.SystemClock_Config) refers to stm32h7xx_hal_pwr_ex.o(i.HAL_PWREx_ConfigSupply) for HAL_PWREx_ConfigSupply
    main.o(i.SystemClock_Config) refers to stm32h7xx_hal_rcc.o(i.HAL_RCC_OscConfig) for HAL_RCC_OscConfig
    main.o(i.SystemClock_Config) refers to stm32h7xx_hal_rcc.o(i.HAL_RCC_ClockConfig) for HAL_RCC_ClockConfig
    main.o(i.__io_putchar) refers to usart.o(i.USART_Send_string) for USART_Send_string
    main.o(i.main) refers to rt_memcpy_w.o(.text) for __aeabi_memcpy4
    main.o(i.main) refers to stm32h7xx_hal.o(i.HAL_Init) for HAL_Init
    main.o(i.main) refers to main.o(i.SystemClock_Config) for SystemClock_Config
    main.o(i.main) refers to gpio.o(i.AT_GPIO_Init) for AT_GPIO_Init
    main.o(i.main) refers to gpio.o(i.MX_GPIO_Init) for MX_GPIO_Init
    main.o(i.main) refers to spi.o(i.MX_SPI1_Init) for MX_SPI1_Init
    main.o(i.main) refers to spi.o(i.MX_SPI2_Init) for MX_SPI2_Init
    main.o(i.main) refers to spi.o(i.MX_SPI3_Init) for MX_SPI3_Init
    main.o(i.main) refers to spi.o(i.MX_SPI4_Init) for MX_SPI4_Init
    main.o(i.main) refers to i2c.o(i.MX_I2C2_Init) for MX_I2C2_Init
    main.o(i.main) refers to adc.o(i.MX_ADC1_Init) for MX_ADC1_Init
    main.o(i.main) refers to usart.o(i.MX_USART6_Init) for MX_USART6_Init
    main.o(i.main) refers to icm426xx.o(i.Icm42688Init) for Icm42688Init
    main.o(i.main) refers to bmp280.o(i.bmp280_init) for bmp280_init
    main.o(i.main) refers to at7456e.o(i.max7456Init) for max7456Init
    main.o(i.main) refers to w25q.o(i.BSP_W25Qx_Init) for BSP_W25Qx_Init
    main.o(i.main) refers to stmflash.o(i.STMFLASH_ReadWord) for STMFLASH_ReadWord
    main.o(i.main) refers to public.o(i.decode_MCB_communication_data) for decode_MCB_communication_data
    main.o(i.main) refers to stm32h7xx_hal_gpio.o(i.HAL_GPIO_TogglePin) for HAL_GPIO_TogglePin
    main.o(i.main) refers to adc.o(i.ADC1_Test) for ADC1_Test
    main.o(i.main) refers to main.o(.constdata) for .constdata
    main.o(i.main) refers to main.o(.data) for .data
    stm32h7xx_it.o(i.SysTick_Handler) refers to stm32h7xx_hal.o(i.HAL_IncTick) for HAL_IncTick
    stm32h7xx_hal_msp.o(i.HAL_UART_MspDeInit) refers to stm32h7xx_hal_gpio.o(i.HAL_GPIO_DeInit) for HAL_GPIO_DeInit
    stm32h7xx_hal_msp.o(i.HAL_UART_MspDeInit) refers to stm32h7xx_hal_cortex.o(i.HAL_NVIC_DisableIRQ) for HAL_NVIC_DisableIRQ
    stm32h7xx_hal_msp.o(i.HAL_UART_MspInit) refers to rt_memclr_w.o(.text) for __aeabi_memclr4
    stm32h7xx_hal_msp.o(i.HAL_UART_MspInit) refers to stm32h7xx_hal_gpio.o(i.HAL_GPIO_Init) for HAL_GPIO_Init
    stm32h7xx_hal_msp.o(i.HAL_UART_MspInit) refers to stm32h7xx_hal_cortex.o(i.HAL_NVIC_SetPriority) for HAL_NVIC_SetPriority
    stm32h7xx_hal_msp.o(i.HAL_UART_MspInit) refers to stm32h7xx_hal_cortex.o(i.HAL_NVIC_EnableIRQ) for HAL_NVIC_EnableIRQ
[...]
    i.HAL_RCCEx_GetPeriphCLKFreq             0x08001504   Section        0  stm32h7xx_hal_rcc_ex.o(i.HAL_RCCEx_GetPeriphCLKFreq)
    i.HAL_RCC_GetPCLK1Freq                   0x080016e0   Section        0  stm32h7xx_hal_rcc.o(i.HAL_RCC_GetPCLK1Freq)
    i.HAL_RCC_GetSysClockFreq                0x08001704   Section        0  stm32h7xx_hal_rcc.o(i.HAL_RCC_GetSysClockFreq)
    i.HAL_RCC_OscConfig                      0x0800183c   Section        0  stm32h7xx_hal_rcc.o(i.HAL_RCC_OscConfig)
    i.HAL_SPI_Init                           0x08001d44   Section        0  stm32h7xx_hal_spi.o(i.HAL_SPI_Init)
    i.HAL_SPI_MspInit                        0x08001e84   Section        0  spi.o(i.HAL_SPI_MspInit)
    i.HAL_SPI_Receive                        0x08002038   Section        0  stm32h7xx_hal_spi.o(i.HAL_SPI_Receive)
    i.HAL_SPI_TransmitReceive                0x08002286   Section        0  stm32h7xx_hal_spi.o(i.HAL_SPI_TransmitReceive)
    i.HAL_SYSTICK_Config                     0x080025a6   Section        0  stm32h7xx_hal_cortex.o(i.HAL_SYSTICK_Config)
    i.HAL_UART_Init                          0x080025cc   Section        0  stm32h7xx_hal_uart.o(i.HAL_UART_Init)
    i.HAL_UART_MspInit                       0x08002638   Section        0  stm32h7xx_hal_msp.o(i.HAL_UART_MspInit)
    i.HardFault_Handler                      0x080026b8   Section        0  stm32h7xx_it.o(i.HardFault_Handler)
    i.I2C_Flush_TXDR                         0x080026ba   Section        0  stm32h7xx_hal_i2c.o(i.I2C_Flush_TXDR)
    I2C_Flush_TXDR                           0x080026bb   Thumb Code    34  stm32h7xx_hal_i2c.o(i.I2C_Flush_TXDR)
    i.I2C_TransferConfig                     0x080026dc   Section        0  stm32h7xx_hal_i2c.o(i.I2C_TransferConfig)
    I2C_TransferConfig                       0x080026dd   Thumb Code    40  stm32h7xx_hal_i2c.o(i.I2C_TransferConfig)
    i.Icm42688GetAres                        0x08002708   Section        0  icm426xx.o(i.Icm42688GetAres)
    i.MX_I2C2_Init                           0x08002750   Section        0  i2c.o(i.MX_I2C2_Init)
    i.MX_SPI2_Init                           0x080027a8   Section        0  spi.o(i.MX_SPI2_Init)
    i.MX_SPI4_Init                           0x080027f0   Section        0  spi.o(i.MX_SPI4_Init)
    i.MX_USART6_Init                         0x08002838   Section        0  usart.o(i.MX_USART6_Init)
    i.MemManage_Handler                      0x08002878   Section        0  stm32h7xx_it.o(i.MemManage_Handler)
    i.PendSV_Handler                         0x0800287a   Section        0  stm32h7xx_it.o(i.PendSV_Handler)
    i.SPI_CloseTransfer                      0x0800287c   Section        0  stm32h7xx_hal_spi.o(i.SPI_CloseTransfer)
    SPI_CloseTransfer                        0x0800287d   Thumb Code   188  stm32h7xx_hal_spi.o(i.SPI_CloseTransfer)
    i.SPI_WaitOnFlagUntilTimeout             0x08002938   Section        0  stm32h7xx_hal_spi.o(i.SPI_WaitOnFlagUntilTimeout)
    SPI_WaitOnFlagUntilTimeout               0x08002939   Thumb Code    66  stm32h7xx_hal_spi.o(i.SPI_WaitOnFlagUntilTimeout)
    i.STMFLASH_ReadWord                      0x0800297a   Section        0  stmflash.o(i.STMFLASH_ReadWord)
    i.Send_packet                            0x08002980   Section        0  public.o(i.Send_packet)
    i.SystemClock_Config                     0x080029e0   Section        0  main.o(i.SystemClock_Config)
    i.SystemInit                             0x08002a8c   Section        0  system_stm32h7xx_1.o(i.SystemInit)
    i.UART_AdvFeatureConfig                  0x08002b70   Section        0  stm32h7xx_hal_uart.o(i.UART_AdvFeatureConfig)
    i.UART_CheckIdleState                    0x08002c38   Section        0  stm32h7xx_hal_uart.o(i.UART_CheckIdleState)
    i.UART_Receive_INT_CallBack              0x08002c96   Section        0  usart.o(i.UART_Receive_INT_CallBack)
    i.USART6_IRQHandler                      0x08002d2c   Section        0  usart.o(i.USART6_IRQHandler)
    i.UsageFault_Handler                     0x08002d3c   Section        0  stm32h7xx_it.o(i.UsageFault_Handler)
    i.__NVIC_SetPriority                     0x08002d3e   Section        0  stm32h7xx_hal_cortex.o(i.__NVIC_SetPriority)
    __NVIC_SetPriority                       0x08002d3f   Thumb Code    34  stm32h7xx_hal_cortex.o(i.__NVIC_SetPriority)
    i.bmp280_Read_Bytes                      0x08002d60   Section        0  bmp280.o(i.bmp280_Read_Bytes)
    bmp280_Read_Bytes                        0x08002d61   Thumb Code    24  bmp280.o(i.bmp280_Read_Bytes)
    i.bmp280_init                            0x08002d7c   Section        0  bmp280.o(i.bmp280_init)
    i.icm42688_read_regs                     0x08002dfc   Section        0  icm426xx.o(i.icm42688_read_regs)
    icm42688_read_regs                       0x08002dfd   Thumb Code   130  icm426xx.o(i.icm42688_read_regs)
    i.icm42688_write_reg                     0x08002e90   Section        0  icm426xx.o(i.icm42688_write_reg)
    icm42688_write_reg                       0x08002e91   Thumb Code    98  icm426xx.o(i.icm42688_write_reg)
    i.write_reg                              0x08002f04   Section        0  at7456e.o(i.write_reg)
    write_reg                                0x08002f05   Thumb Code    58  at7456e.o(i.write_reg)
    x$fpl$fpinit                             0x08002f48   Section       10  fpinit.o(x$fpl$fpinit)
    $v0                                      0x08002f48   Number         0  fpinit.o(x$fpl$fpinit)
    .constdata                               0x08002f54   Section       22  main.o(.constdata)
    .constdata                               0x08002f6a   Section       24  stm32h7xx_hal_uart.o(.constdata)
    .constdata                               0x08002f82   Section       16  system_stm32h7xx_1.o(.constdata)
    .ARM.Collect$$libinit$$00000000          0x08100000   Section        2  libinit.o(.ARM.Collect$$libinit$$00000000)
    .ARM.Collect$$libinit$$00000001          0x08100002   Section        4  libinit2.o(.ARM.Collect$$libinit$$00000001)
    .ARM.Collect$$libinit$$00000004          0x08100006   Section        0  libinit2.o(.ARM.Collect$$libinit$$00000004)
    .ARM.Collect$$libinit$$0000000A          0x08100006   Section        0  libinit2.o(.ARM.Collect$$libinit$$0000000A)
    .ARM.Collect$$libinit$$0000000C          0x08100006   Section        0  libinit2.o(.ARM.Collect$$libinit$$0000000C)
    .ARM.Collect$$libinit$$0000000E          0x08100006   Section        0  libinit2.o(.ARM.Collect$$libinit$$0000000E)
    .ARM.Collect$$libinit$$00000011          0x08100006   Section        0  libinit2.o(.ARM.Collect$$libinit$$00000011)
    .ARM.Collect$$libinit$$00000013          0x08100006   Section        0  libinit2.o(.ARM.Collect$$libinit$$00000013)
    .ARM.Collect$$libinit$$00000015          0x08100006   Section        0  libinit2.o(.ARM.Collect$$libinit$$00000015)
    .ARM.Collect$$libinit$$00000017          0x08100006   Section        0  libinit2.o(.ARM.Collect$$libinit$$00000017)
    .ARM.Collect$$libinit$$00000019          0x08100006   Section        0  libinit2.o(.ARM.Collect$$libinit$$00000019)
    .ARM.Collect$$libinit$$0000001B          0x08100006   Section        0  libinit2.o(.ARM.Collect$$libinit$$0000001B)
    .ARM.Collect$$libinit$$0000001D          0x08100006   Section        0  libinit2.o(.ARM.Collect$$libinit$$0000001D)
    .ARM.Collect$$libinit$$0000001F          0x08100006   Section        0  libinit2.o(.ARM.Collect$$libinit$$0000001F)
    .ARM.Collect$$libinit$$00000021          0x08100006   Section        0  libinit2.o(.ARM.Collect$$libinit$$00000021)
    .ARM.Collect$$libinit$$00000023          0x08100006   Section        0  libinit2.o(.ARM.Collect$$libinit$$00000023)
    .ARM.Collect$$libinit$$00000025          0x08100006   Section        0  libinit2.o(.ARM.Collect$$libinit$$00000025)
    .ARM.Collect$$libinit$$0000002C          0x08100006   Section        0  libinit2.o(.ARM.Collect$$libinit$$0000002C)
    .ARM.Collect$$libinit$$0000002E          0x08100006   Section        0  libinit2.o(.ARM.Collect$$libinit$$0000002E)
    .ARM.Collect$$libinit$$00000030          0x08100006   Section        0  libinit2.o(.ARM.Collect$$libinit$$00000030)
    .ARM.Collect$$libinit$$00000032          0x08100006   Section        0  libinit2.o(.ARM.Collect$$libinit$$00000032)
    .ARM.Collect$$libinit$$00000033          0x08100006   Section        2  libinit2.o(.ARM.Collect$$libinit$$00000033)
    .text                                    0x08100008   Section       64  startup_stm32h742xx.o(.text)
    $v0                                      0x08100008   Number         0  startup_stm32h742xx.o(.text)
    .text                                    0x08100048   Section       72  llsdiv.o(.text)
    .text                                    0x08100090   Section      138  rt_memcpy_v6.o(.text)
    .text                                    0x0810011a   Section       78  rt_memclr_w.o(.text)
    .text                                    0x08100168   Section        0  heapauxi.o(.text)
    .text                                    0x08100170   Section        8  libspace.o(.text)
    .text                                    0x08100178   Section        0  sys_exit.o(.text)
    .text                                    0x08100184   Section        2  use_no_semi.o(.text)
    .text                                    0x08100186   Section        0  indicate_semi.o(.text)
    i.ADC_ConfigureBoostMode                 0x0810018c   Section        0  stm32h7xx_hal_adc.o(i.ADC_ConfigureBoostMode)
    i.ADC_ConversionStop                     0x08100294   Section        0  stm32h7xx_hal_adc.o(i.ADC_ConversionStop)
    i.ADC_Enable                             0x08100370   Section        0  stm32h7xx_hal_adc.o(i.ADC_Enable)
    i.BSP_W25Qx_Init                         0x08100414   Section        0  w25q.o(i.BSP_W25Qx_Init)
    i.Error_Handler                          0x08100428   Section        0  main.o(i.Error_Handler)
    i.HAL_ADC_Init                           0x0810042c   Section        0  stm32h7xx_hal_adc.o(i.HAL_ADC_Init)
    i.HAL_ADC_MspInit                        0x08100650   Section        0  adc.o(i.HAL_ADC_MspInit)
    i.HAL_ADC_Stop                           0x081006b0   Section        0  stm32h7xx_hal_adc.o(i.HAL_ADC_Stop)
    i.HAL_Delay                              0x081006f0   Section        0  stm32h7xx_hal.o(i.HAL_Delay)
    i.HAL_GPIO_TogglePin                     0x08100714   Section        0  stm32h7xx_hal_gpio.o(i.HAL_GPIO_TogglePin)
    i.HAL_GetREVID                           0x08100724   Section        0  stm32h7xx_hal.o(i.HAL_GetREVID)
    i.HAL_I2CEx_ConfigAnalogFilter           0x08100730   Section        0  stm32h7xx_hal_i2c_ex.o(i.HAL_I2CEx_ConfigAnalogFilter)
    i.HAL_I2C_Init                           0x08100788   Section        0  stm32h7xx_hal_i2c.o(i.HAL_I2C_Init)
    i.HAL_I2C_Mem_Write                      0x08100840   Section        0  stm32h7xx_hal_i2c.o(i.HAL_I2C_Mem_Write)
    i.HAL_I2C_MspInit                        0x08100998   Section        0  i2c.o(i.HAL_I2C_MspInit)
    i.HAL_NVIC_EnableIRQ                     0x08100a6c   Section        0  stm32h7xx_hal_cortex.o(i.HAL_NVIC_EnableIRQ)
    i.HAL_NVIC_SetPriority                   0x08100a88   Section        0  stm32h7xx_hal_cortex.o(i.HAL_NVIC_SetPriority)
    i.HAL_NVIC_SetPriorityGrouping           0x08100ac8   Section        0  stm32h7xx_hal_cortex.o(i.HAL_NVIC_SetPriorityGrouping)
    i.HAL_PWREx_ConfigSupply                 0x08100aec   Section        0  stm32h7xx_hal_pwr_ex.o(i.HAL_PWREx_ConfigSupply)
    i.HAL_RCCEx_GetPLL3ClockFreq             0x08100b40   Section        0  stm32h7xx_hal_rcc_ex.o(i.HAL_RCCEx_GetPLL3ClockFreq)
    i.HAL_RCCEx_PeriphCLKConfig              0x08100c84   Section        0  stm32h7xx_hal_rcc_ex.o(i.HAL_RCCEx_PeriphCLKConfig)
    i.HAL_RCC_ClockConfig                    0x08101540   Section        0  stm32h7xx_hal_rcc.o(i.HAL_RCC_ClockConfig)
    i.HAL_RCC_GetHCLKFreq                    0x0810179c   Section        0  stm32h7xx_hal_rcc.o(i.HAL_RCC_GetHCLKFreq)
    i.HAL_RCC_GetPCLK2Freq                   0x081017e0   Section        0  stm32h7xx_hal_rcc.o(i.HAL_RCC_GetPCLK2Freq)
    i.HAL_SPI_Transmit                       0x08101804   Section        0  stm32h7xx_hal_spi.o(i.HAL_SPI_Transmit)
    i.I2C_IsAcknowledgeFailed                0x08101a3c   Section        0  stm32h7xx_hal_i2c.o(i.I2C_IsAcknowledgeFailed)
    I2C_IsAcknowledgeFailed                  0x08101a3d   Thumb Code   132  stm32h7xx_hal_i2c.o(i.I2C_IsAcknowledgeFailed)
    i.I2C_RequestMemoryRead                  0x08101ac4   Section        0  stm32h7xx_hal_i2c.o(i.I2C_RequestMemoryRead)
    I2C_RequestMemoryRead                    0x08101ac5   Thumb Code    94  stm32h7xx_hal_i2c.o(i.I2C_RequestMemoryRead)
    i.I2C_RequestMemoryWrite                 0x08101b28   Section        0  stm32h7xx_hal_i2c.o(i.I2C_RequestMemoryWrite)
    I2C_RequestMemoryWrite                   0x08101b29   Thumb Code    94  stm32h7xx_hal_i2c.o(i.I2C_RequestMemoryWrite)
    i.I2C_WaitOnFlagUntilTimeout             0x08101b8c   Section        0  stm32h7xx_hal_i2c.o(i.I2C_WaitOnFlagUntilTimeout)
    I2C_WaitOnFlagUntilTimeout               0x08101b8d   Thumb Code    90  stm32h7xx_hal_i2c.o(i.I2C_WaitOnFlagUntilTimeout)
    i.I2C_WaitOnSTOPFlagUntilTimeout         0x08101be6   Section        0  stm32h7xx_hal_i2c.o(i.I2C_WaitOnSTOPFlagUntilTimeout)
    I2C_WaitOnSTOPFlagUntilTimeout           0x08101be7   Thumb Code    78  stm32h7xx_hal_i2c.o(i.I2C_WaitOnSTOPFlagUntilTimeout)
    i.I2C_WaitOnTXISFlagUntilTimeout         0x08101c34   Section        0  stm32h7xx_hal_i2c.o(i.I2C_WaitOnTXISFlagUntilTimeout)
    I2C_WaitOnTXISFlagUntilTimeout           0x08101c35   Thumb Code    82  stm32h7xx_hal_i2c.o(i.I2C_WaitOnTXISFlagUntilTimeout)
    i.Icm42688GetGres                        0x08101c88   Section        0  icm426xx.o(i.Icm42688GetGres)
    i.Icm42688Init                           0x08101cf8   Section        0  icm426xx.o(i.Icm42688Init)
    i.IcmGetRawData                          0x08101e60   Section        0  icm426xx.o(i.IcmGetRawData)
    IcmGetRawData                            0x08101e61   Thumb Code   242  icm426xx.o(i.IcmGetRawData)
    i.Imu_Test                               0x08101f5c   Section        0  icm426xx.o(i.Imu_Test)
    i.LL_ADC_INJ_IsConversionOngoing         0x08101f60   Section        0  stm32h7xx_hal_adc.o(i.LL_ADC_INJ_IsConversionOngoing)
    LL_ADC_INJ_IsConversionOngoing           0x08101f61   Thumb Code     8  stm32h7xx_hal_adc.o(i.LL_ADC_INJ_IsConversionOngoing)
    i.LL_ADC_REG_IsConversionOngoing         0x08101f68   Section        0  stm32h7xx_hal_adc.o(i.LL_ADC_REG_IsConversionOngoing)
    LL_ADC_REG_IsConversionOngoing           0x08101f69   Thumb Code     8  stm32h7xx_hal_adc.o(i.LL_ADC_REG_IsConversionOngoing)
    i.LL_ADC_REG_IsTriggerSourceSWStart      0x08101f70   Section        0  stm32h7xx_hal_adc.o(i.LL_ADC_REG_IsTriggerSourceSWStart)
    LL_ADC_REG_IsTriggerSourceSWStart        0x08101f71   Thumb Code    16  stm32h7xx_hal_adc.o(i.LL_ADC_REG_IsTriggerSourceSWStart)
    i.LL_ADC_SetChannelSamplingTime          0x08101f80   Section        0  stm32h7xx_hal_adc.o(i.LL_ADC_SetChannelSamplingTime)
    LL_ADC_SetChannelSamplingTime            0x08101f81   Thumb Code    30  stm32h7xx_hal_adc.o(i.LL_ADC_SetChannelSamplingTime)
    i.MX_ADC1_Init                           0x08101fa0   Section        0  adc.o(i.MX_ADC1_Init)
    i.MX_GPIO_Init                           0x08102018   Section        0  gpio.o(i.MX_GPIO_Init)
    i.MX_SPI1_Init                           0x08102154   Section        0  spi.o(i.MX_SPI1_Init)
    i.MX_SPI3_Init                           0x0810219c   Section        0  spi.o(i.MX_SPI3_Init)
    i.NMI_Handler                            0x081021e4   Section        0  stm32h7xx_it.o(i.NMI_Handler)
    i.RCCEx_PLL2_Config                      0x081021e8   Section        0  stm32h7xx_hal_rcc_ex.o(i.RCCEx_PLL2_Config)
    RCCEx_PLL2_Config                        0x081021e9   Thumb Code   284  stm32h7xx_hal_rcc_ex.o(i.RCCEx_PLL2_Config)
    i.RCCEx_PLL3_Config                      0x08102308   Section        0  stm32h7xx_hal_rcc_ex.o(i.RCCEx_PLL3_Config)
    RCCEx_PLL3_Config                        0x08102309   Thumb Code   284  stm32h7xx_hal_rcc_ex.o(i.RCCEx_PLL3_Config)
    i.SVC_Handler                            0x08102428   Section        0  stm32h7xx_it.o(i.SVC_Handler)
    i.SysTick_Handler                        0x0810242a   Section        0  stm32h7xx_it.o(i.SysTick_Handler)
    i.UART_SetConfig                         0x08102430   Section        0  stm32h7xx_hal_uart.o(i.UART_SetConfig)
    i.UART_WaitOnFlagUntilTimeout            0x081027e0   Section        0  stm32h7xx_hal_uart.o(i.UART_WaitOnFlagUntilTimeout)
    i.USART_Send_string                      0x08102884   Section        0  usart.o(i.USART_Send_string)
    i._update_pressure                       0x081028a0   Section        0  bmp280.o(i._update_pressure)
    i.baro_test                              0x08102a38   Section        0  bmp280.o(i.baro_test)
    i.bmp280_ReadID                          0x08102a48   Section        0  bmp280.o(i.bmp280_ReadID)
    i.bmp280_Read_Byte                       0x08102a50   Section        0  bmp280.o(i.bmp280_Read_Byte)
    bmp280_Read_Byte                         0x08102a51   Thumb Code    34  bmp280.o(i.bmp280_Read_Byte)
    i.bmp280_Write_Byte                      0x08102a78   Section        0  bmp280.o(i.bmp280_Write_Byte)
    bmp280_Write_Byte                        0x08102a79   Thumb Code    32  bmp280.o(i.bmp280_Write_Byte)
    i.configOSDBL                            0x08102a9c   Section        0  at7456e.o(i.configOSDBL)
    i.crc16                                  0x08102abc   Section        0  public.o(i.crc16)
    i.decode_MCB_communication_data          0x08102ae4   Section        0  public.o(i.decode_MCB_communication_data)
    i.icm42688_read_reg                      0x08102cd0   Section        0  icm426xx.o(i.icm42688_read_reg)
    icm42688_read_reg                        0x08102cd1   Thumb Code   140  icm426xx.o(i.icm42688_read_reg)
    i.main                                   0x08102d6c   Section        0  main.o(i.main)
    i.max7456Init                            0x08102de4   Section        0  at7456e.o(i.max7456Init)
    i.read_reg                               0x08102e20   Section        0  at7456e.o(i.read_reg)
    read_reg                                 0x08102e21   Thumb Code    78  at7456e.o(i.read_reg)
    i.user_memcopy                           0x08102e78   Section        0  public.o(i.user_memcopy)
    x$fpl$ffltll                             0x08102e8c   Section       96  ffltll_clz.o(x$fpl$ffltll)
    $v0                                      0x08102e8c   Number         0  ffltll_clz.o(x$fpl$ffltll)
    x$fpl$usenofp                            0x08102eec   Section        0  usenofp.o(x$fpl$usenofp)
    .data                                    0x24000000   Section        4  main.o(.data)
    .data                                    0x24000004   Section        2  adc.o(.data)
    .data                                    0x24000006   Section    13825  at7456e.o(.data)
    .data                                    0x24003608   Section      192  gpio.o(.data)
    .data                                    0x240036c8   Section       12  icm426xx.o(.data)
    accSensitivity                           0x240036cc   Data           4  icm426xx.o(.data)
    gyroSensitivity                          0x240036d0   Data           4  icm426xx.o(.data)
    .data                                    0x240036d4   Section       14  public.o(.data)
    .data                                    0x240036e4   Section       24  usart.o(.data)
    .data                                    0x240036fc   Section        2  w25q.o(.data)
    .data                                    0x24003700   Section        8  bmp280.o(.data)
    .data                                    0x24003708   Section       12  stm32h7xx_hal.o(.data)
    .data                                    0x24003714   Section        8  system_stm32h7xx_1.o(.data)
    .bss                                     0x2400371c   Section      100  adc.o(.bss)
    .bss                                     0x24003780   Section      152  i2c.o(.bss)
    .bss                                     0x24003818   Section       24  icm426xx.o(.bss)
    .bss                                     0x24003830   Section      544  spi.o(.bss)
    .bss                                     0x24003a50   Section      500  usart.o(.bss)
    .bss                                     0x24003c44   Section       24  bmp280.o(.bss)
    .bss                                     0x24003c5c   Section       96  libspace.o(.bss)
    HEAP                                     0x24003cc0   Section      512  startup_stm32h742xx.o(HEAP)
    Heap_Mem                                 0x24003cc0   Data         512  startup_stm32h742xx.o(HEAP)
    STACK                                    0x24003ec0   Section     1024  startup_stm32h742xx.o(STACK)
    Stack_Mem                                0x24003ec0   Data        1024  startup_stm32h742xx.o(STACK)
    __initial_sp                             0x240042c0   Data           0  startup_stm32h742xx.o(STACK)

    Global Symbols

    Symbol Name                              Value     Ov Type        Size  Object(Section)

    BuildAttributes$$THM_ISAv4$E$P$D$K$B$S$7EM$VFPv5_D16$PE$PLD8$A:L22UL41UL21$X:L11$S22US41US21$IEEE1$IW$USESV6$~STKCKD$USESV7$~SHL$OSPACE$ROPI$EBA8$UX$STANDARDLIB$REQ8$PRES8$EABIv2 0x00000000   Number         0  anon$$obj.o ABSOLUTE
    __ARM_use_no_argv                        0x00000000   Number         0  main.o ABSOLUTE
    __ARM_exceptions_init                     - Undefined Weak Reference
    __alloca_initialize                       - Undefined Weak Reference
    __arm_preinit_                            - Undefined Weak Reference
    __cpp_initialize__aeabi_                  - Undefined Weak Reference
    __cxa_finalize                            - Undefined Weak Reference
    __rt_locale                               - Undefined Weak Reference
    __sigvec_lookup                           - Undefined Weak Reference
    _atexit_init                              - Undefined Weak Reference
    _call_atexit_fns                          - Undefined Weak Reference
    _clock_init                               - Undefined Weak Reference
    _fp_trap_init                             - Undefined Weak Reference
    _fp_trap_shutdown                         - Undefined Weak Reference
    _get_lc_collate                           - Undefined Weak Reference
    _get_lc_ctype                             - Undefined Weak Reference
    _get_lc_monetary                          - Undefined Weak Reference
    _get_lc_numeric                           - Undefined Weak Reference
    _get_lc_time                              - Undefined Weak Reference
    _getenv_init                              - Undefined Weak Reference
    _handle_redirection                       - Undefined Weak Reference
    _init_alloc                               - Undefined Weak Reference
    _init_user_alloc                          - Undefined Weak Reference
    _initio                                   - Undefined Weak Reference
    _rand_init                                - Undefined Weak Reference
    _signal_finish                            - Undefined Weak Reference
    _signal_init                              - Undefined Weak Reference
    _terminate_alloc                          - Undefined Weak Reference
    _terminate_user_alloc                     - Undefined Weak Reference
    _terminateio                              - Undefined Weak Reference
    __Vectors_Size                           0x00000298   Number         0  startup_stm32h742xx.o ABSOLUTE
    __Vectors                                0x08000000   Data           4  startup_stm32h742xx.o(RESET)
    __Vectors_End                            0x08000298   Data           0  startup_stm32h742xx.o(RESET)
    __main                                   0x08000299   Thumb Code     8  __main.o(!!!main)
    __scatterload                            0x080002a1   Thumb Code     0  __scatter.o(!!!scatter)
    __scatterload_rt2                        0x080002a1   Thumb Code    44  __scatter.o(!!!scatter)
    __scatterload_rt2_thumb_only             0x080002a1   Thumb Code     0  __scatter.o(!!!scatter)
    __scatterload_null                       0x080002af   Thumb Code     0  __scatter.o(!!!scatter)
    __decompress                             0x080002d5   Thumb Code   100  __dclz77c.o(!!dclz77c)
    __decompress2                            0x080002d5   Thumb Code     0  __dclz77c.o(!!dclz77c)
    __scatterload_zeroinit                   0x08000339   Thumb Code    28  __scatter_zi.o(!!handler_zi)
    __rt_lib_shutdown                        0x08000355   Thumb Code     0  libshutdown.o(.ARM.Collect$$libshutdown$$00000000)
    __rt_lib_shutdown_cpp_1                  0x08000357   Thumb Code     0  libshutdown2.o(.ARM.Collect$$libshutdown$$00000002)
    __rt_lib_shutdown_fp_trap_1              0x08000357   Thumb Code     0  libshutdown2.o(.ARM.Collect$$libshutdown$$00000007)
    __rt_lib_shutdown_heap_1                 0x08000357   Thumb Code     0  libshutdown2.o(.ARM.Collect$$libshutdown$$0000000F)
    __rt_lib_shutdown_return                 0x08000357   Thumb Code     0  libshutdown2.o(.ARM.Collect$$libshutdown$$00000010)
    __rt_lib_shutdown_signal_1               0x08000357   Thumb Code     0  libshutdown2.o(.ARM.Collect$$libshutdown$$0000000A)
    __rt_lib_shutdown_stdio_1                0x08000357   Thumb Code     0  libshutdown2.o(.ARM.Collect$$libshutdown$$00000004)
    __rt_lib_shutdown_user_alloc_1           0x08000357   Thumb Code     0  libshutdown2.o(.ARM.Collect$$libshutdown$$0000000C)
    __rt_entry                               0x08000359   Thumb Code     0  __rtentry.o(.ARM.Collect$$rtentry$$00000000)
    __rt_entry_presh_1                       0x08000359   Thumb Code     0  __rtentry2.o(.ARM.Collect$$rtentry$$00000002)
    __rt_entry_sh                            0x08000359   Thumb Code     0  __rtentry4.o(.ARM.Collect$$rtentry$$00000004)
    __rt_entry_li                            0x0800035f   Thumb Code     0  __rtentry2.o(.ARM.Collect$$rtentry$$0000000A)
    __rt_entry_postsh_1                      0x0800035f   Thumb Code     0  __rtentry2.o(.ARM.Collect$$rtentry$$00000009)
    __rt_entry_main                          0x08000363   Thumb Code     0  __rtentry2.o(.ARM.Collect$$rtentry$$0000000D)
    __rt_entry_postli_1                      0x08000363   Thumb Code     0  __rtentry2.o(.ARM.Collect$$rtentry$$0000000C)
    __rt_exit                                0x0800036b   Thumb Code     0  rtexit.o(.ARM.Collect$$rtexit$$00000000)
    __rt_exit_ls                             0x0800036d   Thumb Code     0  rtexit2.o(.ARM.Collect$$rtexit$$00000003)
    __rt_exit_prels_1                        0x0800036d   Thumb Code     0  rtexit2.o(.ARM.Collect$$rtexit$$00000002)
    __rt_exit_exit                           0x08000371   Thumb Code     0  rtexit2.o(.ARM.Collect$$rtexit$$00000004)
    __aeabi_uldivmod                         0x08000377   Thumb Code     0  lludivv7m.o(.text)
    _ll_udiv                                 0x08000377   Thumb Code   238  lludivv7m.o(.text)
    __aeabi_memcpy4                          0x08000465   Thumb Code     0  rt_memcpy_w.o(.text)
    __aeabi_memcpy8                          0x08000465   Thumb Code     0  rt_memcpy_w.o(.text)
    __rt_memcpy_w                            0x08000465   Thumb Code   100  rt_memcpy_w.o(.text)
    _memcpy_lastbytes_aligned                0x080004ad   Thumb Code     0  rt_memcpy_w.o(.text)
    __user_setup_stackheap                   0x080004c9   Thumb Code    74  sys_stackheap_outer.o(.text)
    exit                                     0x08000513   Thumb Code    18  exit.o(.text)
    ADC1_Test                                0x08000525   Thumb Code    62  adc.o(i.ADC1_Test)
    ADC_Disable                              0x08000575   Thumb Code    98  stm32h7xx_hal_adc.o(i.ADC_Disable)
    AT_GPIO_Init                             0x080005dd   Thumb Code   152  gpio.o(i.AT_GPIO_Init)
    BMP280_Get_Pressure                      0x0800067d   Thumb Code    40  bmp280.o(i.BMP280_Get_Pressure)
    BSP_W25Qx_Read_ID                        0x080006f9   Thumb Code    70  w25q.o(i.BSP_W25Qx_Read_ID)
    BusFault_Handler                         0x0800074d   Thumb Code     2  stm32h7xx_it.o(i.BusFault_Handler)
    DebugMon_Handler                         0x0800074f   Thumb Code     2  stm32h7xx_it.o(i.DebugMon_Handler)
    HAL_ADC_ConfigChannel                    0x08000789   Thumb Code   930  stm32h7xx_hal_adc.o(i.HAL_ADC_ConfigChannel)
    HAL_ADC_GetValue                         0x08000b65   Thumb Code     6  stm32h7xx_hal_adc.o(i.HAL_ADC_GetValue)
    HAL_ADC_PollForConversion                0x08000b6d   Thumb Code   268  stm32h7xx_hal_adc.o(i.HAL_ADC_PollForConversion)
    HAL_ADC_Start                            0x08000c89   Thumb Code   242  stm32h7xx_hal_adc.o(i.HAL_ADC_Start)
    HAL_GPIO_Init                            0x08000d91   Thumb Code   510  stm32h7xx_hal_gpio.o(i.HAL_GPIO_Init)
    HAL_GPIO_WritePin                        0x08000fc1   Thumb Code    10  stm32h7xx_hal_gpio.o(i.HAL_GPIO_WritePin)
    HAL_GetTick                              0x08000fcd   Thumb Code     6  stm32h7xx_hal.o(i.HAL_GetTick)
    HAL_I2CEx_ConfigDigitalFilter            0x08000fd9   Thumb Code    84  stm32h7xx_hal_i2c_ex.o(i.HAL_I2CEx_ConfigDigitalFilter)
    HAL_I2C_Mem_Read                         0x0800102d   Thumb Code   346  stm32h7xx_hal_i2c.o(i.HAL_I2C_Mem_Read)
    HAL_IncTick                              0x08001191   Thumb Code    12  stm32h7xx_hal.o(i.HAL_IncTick)
    HAL_Init                                 0x080011a1   Thumb Code    74  stm32h7xx_hal.o(i.HAL_Init)
    HAL_InitTick                             0x080011fd   Thumb Code    56  stm32h7xx_hal.o(i.HAL_InitTick)
    HAL_MspInit                              0x0800123d   Thumb Code    22  stm32h7xx_hal_msp.o(i.HAL_MspInit)
    HAL_RCCEx_GetD3PCLK1Freq                 0x08001259   Thumb Code    26  stm32h7xx_hal_rcc_ex.o(i.HAL_RCCEx_GetD3PCLK1Freq)
    HAL_RCCEx_GetPLL1ClockFreq               0x0800127d   Thumb Code   296  stm32h7xx_hal_rcc_ex.o(i.HAL_RCCEx_GetPLL1ClockFreq)
    HAL_RCCEx_GetPLL2ClockFreq               0x080013c1   Thumb Code   296  stm32h7xx_hal_rcc_ex.o(i.HAL_RCCEx_GetPLL2ClockFreq)
    HAL_RCCEx_GetPeriphCLKFreq               0x08001505   Thumb Code   454  stm32h7xx_hal_rcc_ex.o(i.HAL_RCCEx_GetPeriphCLKFreq)
    HAL_RCC_GetPCLK1Freq                     0x080016e1   Thumb Code    26  stm32h7xx_hal_rcc.o(i.HAL_RCC_GetPCLK1Freq)
    HAL_RCC_GetSysClockFreq                  0x08001705   Thumb Code   278  stm32h7xx_hal_rcc.o(i.HAL_RCC_GetSysClockFreq)
    HAL_RCC_OscConfig                        0x0800183d   Thumb Code  1282  stm32h7xx_hal_rcc.o(i.HAL_RCC_OscConfig)
    HAL_SPI_Init                             0x08001d45   Thumb Code   308  stm32h7xx_hal_spi.o(i.HAL_SPI_Init)
    HAL_SPI_MspInit                          0x08001e85   Thumb Code   400  spi.o(i.HAL_SPI_MspInit)
    HAL_SPI_Receive                          0x08002039   Thumb Code   590  stm32h7xx_hal_spi.o(i.HAL_SPI_Receive)
    HAL_SPI_TransmitReceive                  0x08002287   Thumb Code   800  stm32h7xx_hal_spi.o(i.HAL_SPI_TransmitReceive)
    HAL_SYSTICK_Config                       0x080025a7   Thumb Code    38  stm32h7xx_hal_cortex.o(i.HAL_SYSTICK_Config)
    HAL_UART_Init                            0x080025cd   Thumb Code   106  stm32h7xx_hal_uart.o(i.HAL_UART_Init)
    HAL_UART_MspInit                         0x08002639   Thumb Code   116  stm32h7xx_hal_msp.o(i.HAL_UART_MspInit)
    HardFault_Handler                        0x080026b9   Thumb Code     2  stm32h7xx_it.o(i.HardFault_Handler)
    Icm42688GetAres                          0x08002709   Thumb Code    50  icm426xx.o(i.Icm42688GetAres)
    MX_I2C2_Init                             0x08002751   Thumb Code    76  i2c.o(i.MX_I2C2_Init)
    MX_SPI2_Init                             0x080027a9   Thumb Code    64  spi.o(i.MX_SPI2_Init)
    MX_SPI4_Init                             0x080027f1   Thumb Code    64  spi.o(i.MX_SPI4_Init)
    MX_USART6_Init                           0x08002839   Thumb Code    54  usart.o(i.MX_USART6_Init)
    MemManage_Handler                        0x08002879   Thumb Code     2  stm32h7xx_it.o(i.MemManage_Handler)
    PendSV_Handler                           0x0800287b   Thumb Code     2  stm32h7xx_it.o(i.PendSV_Handler)
    STMFLASH_ReadWord                        0x0800297b   Thumb Code     4  stmflash.o(i.STMFLASH_ReadWord)
    Send_packet                              0x08002981   Thumb Code    92  public.o(i.Send_packet)
    SystemClock_Config                       0x080029e1   Thumb Code   162  main.o(i.SystemClock_Config)
    SystemInit                               0x08002a8d   Thumb Code   188  system_stm32h7xx_1.o(i.SystemInit)
    UART_AdvFeatureConfig                    0x08002b71   Thumb Code   200  stm32h7xx_hal_uart.o(i.UART_AdvFeatureConfig)
    UART_CheckIdleState                      0x08002c39   Thumb Code    94  stm32h7xx_hal_uart.o(i.UART_CheckIdleState)
    UART_Receive_INT_CallBack                0x08002c97   Thumb Code   150  usart.o(i.UART_Receive_INT_CallBack)
    USART6_IRQHandler                        0x08002d2d   Thumb Code     8  usart.o(i.USART6_IRQHandler)
    UsageFault_Handler                       0x08002d3d   Thumb Code     2  stm32h7xx_it.o(i.UsageFault_Handler)
    bmp280_init                              0x08002d7d   Thumb Code   124  bmp280.o(i.bmp280_init)
    _fp_init                                 0x08002f49   Thumb Code    10  fpinit.o(x$fpl$fpinit)
    __fplib_config_fpu_vfp                   0x08002f51   Thumb Code     0  fpinit.o(x$fpl$fpinit)
    __fplib_config_pureend_doubles           0x08002f51   Thumb Code     0  fpinit.o(x$fpl$fpinit)
    UARTPrescTable                           0x08002f6a   Data          24  stm32h7xx_hal_uart.o(.constdata)
    D1CorePrescTable                         0x08002f82   Data          16  system_stm32h7xx_1.o(.constdata)
    Region$$Table$$Base                      0x08002f94   Number         0  anon$$obj.o(Region$$Table)
    Region$$Table$$Limit                     0x08002fb4   Number         0  anon$$obj.o(Region$$Table)
    __rt_lib_init                            0x08100001   Thumb Code     0  libinit.o(.ARM.Collect$$libinit$$00000000)
    __rt_lib_init_fp_1                       0x08100003   Thumb Code     0  libinit2.o(.ARM.Collect$$libinit$$00000001)
    __rt_lib_init_alloca_1                   0x08100007   Thumb Code     0  libinit2.o(.ARM.Collect$$libinit$$0000002E)
    __rt_lib_init_argv_1                     0x08100007   Thumb Code     0  libinit2.o(.ARM.Collect$$libinit$$0000002C)
    __rt_lib_init_atexit_1                   0x08100007   Thumb Code     0  libinit2.o(.ARM.Collect$$libinit$$0000001B)
    __rt_lib_init_clock_1                    0x08100007   Thumb Code     0  libinit2.o(.ARM.Collect$$libinit$$00000021)
    __rt_lib_init_cpp_1                      0x08100007   Thumb Code     0  libinit2.o(.ARM.Collect$$libinit$$00000032)
    __rt_lib_init_exceptions_1               0x08100007   Thumb Code     0  libinit2.o(.ARM.Collect$$libinit$$00000030)
    __rt_lib_init_fp_trap_1                  0x08100007   Thumb Code     0  libinit2.o(.ARM.Collect$$libinit$$0000001F)
    __rt_lib_init_getenv_1                   0x08100007   Thumb Code     0  libinit2.o(.ARM.Collect$$libinit$$00000023)
    __rt_lib_init_heap_1                     0x08100007   Thumb Code     0  libinit2.o(.ARM.Collect$$libinit$$0000000A)
    __rt_lib_init_lc_collate_1               0x08100007   Thumb Code     0  libinit2.o(.ARM.Collect$$libinit$$00000011)
    __rt_lib_init_lc_ctype_1                 0x08100007   Thumb Code     0  libinit2.o(.ARM.Collect$$libinit$$00000013)
    __rt_lib_init_lc_monetary_1              0x08100007   Thumb Code     0  libinit2.o(.ARM.Collect$$libinit$$00000015)
    __rt_lib_init_lc_numeric_1               0x08100007   Thumb Code     0  libinit2.o(.ARM.Collect$$libinit$$00000017)
    __rt_lib_init_lc_time_1                  0x08100007   Thumb Code     0  libinit2.o(.ARM.Collect$$libinit$$00000019)
    __rt_lib_init_preinit_1                  0x08100007   Thumb Code     0  libinit2.o(.ARM.Collect$$libinit$$00000004)
    __rt_lib_init_rand_1                     0x08100007   Thumb Code     0  libinit2.o(.ARM.Collect$$libinit$$0000000E)
    __rt_lib_init_return                     0x08100007   Thumb Code     0  libinit2.o(.ARM.Collect$$libinit$$00000033)
    __rt_lib_init_signal_1                   0x08100007   Thumb Code     0  libinit2.o(.ARM.Collect$$libinit$$0000001D)
    __rt_lib_init_stdio_1                    0x08100007   Thumb Code     0  libinit2.o(.ARM.Collect$$libinit$$00000025)
    __rt_lib_init_user_alloc_1               0x08100007   Thumb Code     0  libinit2.o(.ARM.Collect$$libinit$$0000000C)
    Reset_Handler                            0x08100009   Thumb Code     8  startup_stm32h742xx.o(.text)
    ADC3_IRQHandler                          0x08100023   Thumb Code     0  startup_stm32h742xx.o(.text)
    ADC_IRQHandler                           0x08100023   Thumb Code     0  startup_stm32h742xx.o(.text)
    BDMA_Channel0_IRQHandler                 0x08100023   Thumb Code     0  startup_stm32h742xx.o(.text)
    BDMA_Channel1_IRQHandler                 0x08100023   Thumb Code     0  startup_stm32h742xx.o(.text)
    BDMA_Channel2_IRQHandler                 0x08100023   Thumb Code     0  startup_stm32h742xx.o(.text)
    BDMA_Channel3_IRQHandler                 0x08100023   Thumb Code     0  startup_stm32h742xx.o(.text)
    BDMA_Channel4_IRQHandler                 0x08100023   Thumb Code     0  startup_stm32h742xx.o(.text)
    BDMA_Channel5_IRQHandler                 0x08100023   Thumb Code     0  startup_stm32h742xx.o(.text)
    BDMA_Channel6_IRQHandler                 0x08100023   Thumb Code     0  startup_stm32h742xx.o(.text)
    BDMA_Channel7_IRQHandler                 0x08100023   Thumb Code     0  startup_stm32h742xx.o(.text)
    CEC_IRQHandler                           0x08100023   Thumb Code     0  startup_stm32h742xx.o(.text)
    COMP1_IRQHandler                         0x08100023   Thumb Code     0  startup_stm32h742xx.o(.text)
    CRS_IRQHandler                           0x08100023   Thumb Code     0  startup_stm32h742xx.o(.text)
    DCMI_IRQHandler                          0x08100023   Thumb Code     0  startup_stm32h742xx.o(.text)
    DFSDM1_FLT0_IRQHandler                   0x08100023   Thumb Code     0  startup_stm32h742xx.o(.text)
    DFSDM1_FLT1_IRQHandler                   0x08100023   Thumb Code     0  startup_stm32h742xx.o(.text)
    DFSDM1_FLT2_IRQHandler                   0x08100023   Thumb Code     0  startup_stm32h742xx.o(.text)
    DFSDM1_FLT3_IRQHandler                   0x08100023   Thumb Code     0  startup_stm32h742xx.o(.text)
    DMA1_Stream0_IRQHandler                  0x08100023   Thumb Code     0  startup_stm32h742xx.o(.text)
    DMA1_Stream1_IRQHandler                  0x08100023   Thumb Code     0  startup_stm32h742xx.o(.text)
    DMA1_Stream2_IRQHandler                  0x08100023   Thumb Code     0  startup_stm32h742xx.o(.text)
    DMA1_Stream3_IRQHandler                  0x08100023   Thumb Code     0  startup_stm32h742xx.o(.text)
    DMA1_Stream4_IRQHandler                  0x08100023   Thumb Code     0  startup_stm32h742xx.o(.text)
    DMA1_Stream5_IRQHandler                  0x08100023   Thumb Code     0  startup_stm32h742xx.o(.text)
    DMA1_Stream6_IRQHandler                  0x08100023   Thumb Code     0  startup_stm32h742xx.o(.text)
    DMA1_Stream7_IRQHandler                  0x08100023   Thumb Code     0  startup_stm32h742xx.o(.text)
    DMA2D_IRQHandler                         0x08100023   Thumb Code     0  startup_stm32h742xx.o(.text)
    DMA2_Stream0_IRQHandler                  0x08100023   Thumb Code     0  startup_stm32h742xx.o(.text)
    DMA2_Stream1_IRQHandler                  0x08100023   Thumb Code     0  startup_stm32h742xx.o(.text)
    DMA2_Stream2_IRQHandler                  0x08100023   Thumb Code     0  startup_stm32h742xx.o(.text)
    DMA2_Stream3_IRQHandler                  0x08100023   Thumb Code     0  startup_stm32h742xx.o(.text)
    DMA2_Stream4_IRQHandler                  0x08100023   Thumb Code     0  startup_stm32h742xx.o(.text)
    DMA2_Stream5_IRQHandler                  0x08100023   Thumb Code     0  startup_stm32h742xx.o(.text)
    DMA2_Stream6_IRQHandler                  0x08100023   Thumb Code     0  startup_stm32h742xx.o(.text)
    DMA2_Stream7_IRQHandler                  0x08100023   Thumb Code     0  startup_stm32h742xx.o(.text)
    DMAMUX1_OVR_IRQHandler                   0x08100023   Thumb Code     0  startup_stm32h742xx.o(.text)
    DMAMUX2_OVR_IRQHandler                   0x08100023   Thumb Code     0  startup_stm32h742xx.o(.text)
    ECC_IRQHandler                           0x08100023   Thumb Code     0  startup_stm32h742xx.o(.text)
    ETH_IRQHandler                           0x08100023   Thumb Code     0  startup_stm32h742xx.o(.text)
    ETH_WKUP_IRQHandler                      0x08100023   Thumb Code     0  startup_stm32h742xx.o(.text)
    EXTI0_IRQHandler                         0x08100023   Thumb Code     0  startup_stm32h742xx.o(.text)
    EXTI15_10_IRQHandler                     0x08100023   Thumb Code     0  startup_stm32h742xx.o(.text)
    EXTI1_IRQHandler                         0x08100023   Thumb Code     0  startup_stm32h742xx.o(.text)
    EXTI2_IRQHandler                         0x08100023   Thumb Code     0  startup_stm32h742xx.o(.text)
    EXTI3_IRQHandler                         0x08100023   Thumb Code     0  startup_stm32h742xx.o(.text)
    EXTI4_IRQHandler                         0x08100023   Thumb Code     0  startup_stm32h742xx.o(.text)
    EXTI9_5_IRQHandler                       0x08100023   Thumb Code     0  startup_stm32h742xx.o(.text)
    FDCAN1_IT0_IRQHandler                    0x08100023   Thumb Code     0  startup_stm32h742xx.o(.text)
    FDCAN1_IT1_IRQHandler                    0x08100023   Thumb Code     0  startup_stm32h742xx.o(.text)
    FDCAN2_IT0_IRQHandler                    0x08100023   Thumb Code     0  startup_stm32h742xx.o(.text)
    FDCAN2_IT1_IRQHandler                    0x08100023   Thumb Code     0  startup_stm32h742xx.o(.text)
    FDCAN_CAL_IRQHandler                     0x08100023   Thumb Code     0  startup_stm32h742xx.o(.text)
    FLASH_IRQHandler                         0x08100023   Thumb Code     0  startup_stm32h742xx.o(.text)
    FMC_IRQHandler                           0x08100023   Thumb Code     0  startup_stm32h742xx.o(.text)
    FPU_IRQHandler                           0x08100023   Thumb Code     0  startup_stm32h742xx.o(.text)
    HRTIM1_FLT_IRQHandler                    0x08100023   Thumb Code     0  startup_stm32h742xx.o(.text)
    HRTIM1_Master_IRQHandler                 0x08100023   Thumb Code     0  startup_stm32h742xx.o(.text)
    HRTIM1_TIMA_IRQHandler                   0x08100023   Thumb Code     0  startup_stm32h742xx.o(.text)
    HRTIM1_TIMB_IRQHandler                   0x08100023   Thumb Code     0  startup_stm32h742xx.o(.text)
    HRTIM1_TIMC_IRQHandler                   0x08100023   Thumb Code     0  startup_stm32h742xx.o(.text)
    HRTIM1_TIMD_IRQHandler                   0x08100023   Thumb Code     0  startup_stm32h742xx.o(.text)
    HRTIM1_TIME_IRQHandler                   0x08100023   Thumb Code     0  startup_stm32h742xx.o(.text)
    HSEM1_IRQHandler                         0x08100023   Thumb Code     0  startup_stm32h742xx.o(.text)
    I2C1_ER_IRQHandler                       0x08100023   Thumb Code     0  startup_stm32h742xx.o(.text)
    I2C1_EV_IRQHandler                       0x08100023   Thumb Code     0  startup_stm32h742xx.o(.text)
    I2C2_ER_IRQHandler                       0x08100023   Thumb Code     0  startup_stm32h742xx.o(.text)
    I2C2_EV_IRQHandler                       0x08100023   Thumb Code     0  startup_stm32h742xx.o(.text)
    I2C3_ER_IRQHandler                       0x08100023   Thumb Code     0  startup_stm32h742xx.o(.text)
    I2C3_EV_IRQHandler                       0x08100023   Thumb Code     0  startup_stm32h742xx.o(.text)
    I2C4_ER_IRQHandler                       0x08100023   Thumb Code     0  startup_stm32h742xx.o(.text)
    I2C4_EV_IRQHandler                       0x08100023   Thumb Code     0  startup_stm32h742xx.o(.text)
    LPTIM1_IRQHandler                        0x08100023   Thumb Code     0  startup_stm32h742xx.o(.text)
    LPTIM2_IRQHandler                        0x08100023   Thumb Code     0  startup_stm32h742xx.o(.text)
    LPTIM3_IRQHandler                        0x08100023   Thumb Code     0  startup_stm32h742xx.o(.text)
    LPTIM4_IRQHandler                        0x08100023   Thumb Code     0  startup_stm32h742xx.o(.text)
    LPTIM5_IRQHandler                        0x08100023   Thumb Code     0  startup_stm32h742xx.o(.text)
    LPUART1_IRQHandler                       0x08100023   Thumb Code     0  startup_stm32h742xx.o(.text)
    MDIOS_IRQHandler                         0x08100023   Thumb Code     0  startup_stm32h742xx.o(.text)
    MDIOS_WKUP_IRQHandler                    0x08100023   Thumb Code     0  startup_stm32h742xx.o(.text)
    MDMA_IRQHandler                          0x08100023   Thumb Code     0  startup_stm32h742xx.o(.text)
    OTG_FS_EP1_IN_IRQHandler                 0x08100023   Thumb Code     0  startup_stm32h742xx.o(.text)
    OTG_FS_EP1_OUT_IRQHandler                0x08100023   Thumb Code     0  startup_stm32h742xx.o(.text)
    OTG_FS_IRQHandler                        0x08100023   Thumb Code     0  startup_stm32h742xx.o(.text)
    OTG_FS_WKUP_IRQHandler                   0x08100023   Thumb Code     0  startup_stm32h742xx.o(.text)
    OTG_HS_EP1_IN_IRQHandler                 0x08100023   Thumb Code     0  startup_stm32h742xx.o(.text)
    OTG_HS_EP1_OUT_IRQHandler                0x08100023   Thumb Code     0  startup_stm32h742xx.o(.text)
    OTG_HS_IRQHandler                        0x08100023   Thumb Code     0  startup_stm32h742xx.o(.text)
    OTG_HS_WKUP_IRQHandler                   0x08100023   Thumb Code     0  startup_stm32h742xx.o(.text)
    PVD_AVD_IRQHandler                       0x08100023   Thumb Code     0  startup_stm32h742xx.o(.text)
    QUADSPI_IRQHandler                       0x08100023   Thumb Code     0  startup_stm32h742xx.o(.text)
    RCC_IRQHandler                           0x08100023   Thumb Code     0  startup_stm32h742xx.o(.text)
    RNG_IRQHandler                           0x08100023   Thumb Code     0  startup_stm32h742xx.o(.text)
    RTC_Alarm_IRQHandler                     0x08100023   Thumb Code     0  startup_stm32h742xx.o(.text)
    RTC_WKUP_IRQHandler                      0x08100023   Thumb Code     0  startup_stm32h742xx.o(.text)
    SAI1_IRQHandler                          0x08100023   Thumb Code     0  startup_stm32h742xx.o(.text)
    SAI2_IRQHandler                          0x08100023   Thumb Code     0  startup_stm32h742xx.o(.text)
    SAI3_IRQHandler                          0x08100023   Thumb Code     0  startup_stm32h742xx.o(.text)
    SAI4_IRQHandler                          0x08100023   Thumb Code     0  startup_stm32h742xx.o(.text)
    SDMMC1_IRQHandler                        0x08100023   Thumb Code     0  startup_stm32h742xx.o(.text)
    SDMMC2_IRQHandler                        0x08100023   Thumb Code     0  startup_stm32h742xx.o(.text)
    SPDIF_RX_IRQHandler                      0x08100023   Thumb Code     0  startup_stm32h742xx.o(.text)
    SPI1_IRQHandler                          0x08100023   Thumb Code     0  startup_stm32h742xx.o(.text)
    SPI2_IRQHandler                          0x08100023   Thumb Code     0  startup_stm32h742xx.o(.text)
    SPI3_IRQHandler                          0x08100023   Thumb Code     0  startup_stm32h742xx.o(.text)
    SPI4_IRQHandler                          0x08100023   Thumb Code     0  startup_stm32h742xx.o(.text)
    SPI5_IRQHandler                          0x08100023   Thumb Code     0  startup_stm32h742xx.o(.text)
    SPI6_IRQHandler                          0x08100023   Thumb Code     0  startup_stm32h742xx.o(.text)
    SWPMI1_IRQHandler                        0x08100023   Thumb Code     0  startup_stm32h742xx.o(.text)
    TAMP_STAMP_IRQHandler                    0x08100023   Thumb Code     0  startup_stm32h742xx.o(.text)
    TIM15_IRQHandler                         0x08100023   Thumb Code     0  startup_stm32h742xx.o(.text)
    TIM16_IRQHandler                         0x08100023   Thumb Code     0  startup_stm32h742xx.o(.text)
    TIM17_IRQHandler                         0x08100023   Thumb Code     0  startup_stm32h742xx.o(.text)
    TIM1_BRK_IRQHandler                      0x08100023   Thumb Code     0  startup_stm32h742xx.o(.text)
    TIM1_CC_IRQHandler                       0x08100023   Thumb Code     0  startup_stm32h742xx.o(.text)
    TIM1_TRG_COM_IRQHandler                  0x08100023   Thumb Code     0  startup_stm32h742xx.o(.text)
    TIM1_UP_IRQHandler                       0x08100023   Thumb Code     0  startup_stm32h742xx.o(.text)
    TIM2_IRQHandler                          0x08100023   Thumb Code     0  startup_stm32h742xx.o(.text)
    TIM3_IRQHandler                          0x08100023   Thumb Code     0  startup_stm32h742xx.o(.text)
    TIM4_IRQHandler                          0x08100023   Thumb Code     0  startup_stm32h742xx.o(.text)
    TIM5_IRQHandler                          0x08100023   Thumb Code     0  startup_stm32h742xx.o(.text)
    TIM6_DAC_IRQHandler                      0x08100023   Thumb Code     0  startup_stm32h742xx.o(.text)
    TIM7_IRQHandler                          0x08100023   Thumb Code     0  startup_stm32h742xx.o(.text)
    TIM8_BRK_TIM12_IRQHandler                0x08100023   Thumb Code     0  startup_stm32h742xx.o(.text)
    TIM8_CC_IRQHandler                       0x08100023   Thumb Code     0  startup_stm32h742xx.o(.text)
    TIM8_TRG_COM_TIM14_IRQHandler            0x08100023   Thumb Code     0  startup_stm32h742xx.o(.text)
    TIM8_UP_TIM13_IRQHandler                 0x08100023   Thumb Code     0  startup_stm32h742xx.o(.text)
    UART4_IRQHandler                         0x08100023   Thumb Code     0  startup_stm32h742xx.o(.text)
    UART5_IRQHandler                         0x08100023   Thumb Code     0  startup_stm32h742xx.o(.text)
    UART7_IRQHandler                         0x08100023   Thumb Code     0  startup_stm32h742xx.o(.text)
    UART8_IRQHandler                         0x08100023   Thumb Code     0  startup_stm32h742xx.o(.text)
    USART1_IRQHandler                        0x08100023   Thumb Code     0  startup_stm32h742xx.o(.text)
    USART2_IRQHandler                        0x08100023   Thumb Code     0  startup_stm32h742xx.o(.text)
    USART3_IRQHandler                        0x08100023   Thumb Code     0  startup_stm32h742xx.o(.text)
    WAKEUP_PIN_IRQHandler                    0x08100023   Thumb Code     0  startup_stm32h742xx.o(.text)
    WWDG_IRQHandler                          0x08100023   Thumb Code     0  startup_stm32h742xx.o(.text)
    __user_initial_stackheap                 0x08100025   Thumb Code     0  startup_stm32h742xx.o(.text)
    __aeabi_ldivmod                          0x08100049   Thumb Code     0  llsdiv.o(.text)
    _ll_sdiv                                 0x08100049   Thumb Code    72  llsdiv.o(.text)
    __aeabi_memcpy                           0x08100091   Thumb Code     0  rt_memcpy_v6.o(.text)
    __rt_memcpy                              0x08100091   Thumb Code   138  rt_memcpy_v6.o(.text)
    _memcpy_lastbytes                        0x081000f7   Thumb Code     0  rt_memcpy_v6.o(.text)
    __aeabi_memclr4                          0x0810011b   Thumb Code     0  rt_memclr_w.o(.text)
    __aeabi_memclr8                          0x0810011b   Thumb Code     0  rt_memclr_w.o(.text)
    __rt_memclr_w                            0x0810011b   Thumb Code    78  rt_memclr_w.o(.text)
    _memset_w                                0x0810011f   Thumb Code     0  rt_memclr_w.o(.text)
    __use_two_region_memory                  0x08100169   Thumb Code     2  heapauxi.o(.text)
    __rt_heap_escrow$2region                 0x0810016b   Thumb Code     2  heapauxi.o(.text)
    __rt_heap_expand$2region                 0x0810016d   Thumb Code     2  heapauxi.o(.text)
    __user_libspace                          0x08100171   Thumb Code     8  libspace.o(.text)
    __user_perproc_libspace                  0x08100171   Thumb Code     0  libspace.o(.text)
    __user_perthread_libspace                0x08100171   Thumb Code     0  libspace.o(.text)
    _sys_exit                                0x08100179   Thumb Code     8  sys_exit.o(.text)
    __I$use$semihosting                      0x08100185   Thumb Code     0  use_no_semi.o(.text)
    __use_no_semihosting_swi                 0x08100185   Thumb Code     2  use_no_semi.o(.text)
    __semihosting_library_function           0x08100187   Thumb Code     0  indicate_semi.o(.text)
    Short Thumb to Thumb Veneer to __aeabi_memcpy4 0x08100189   Thumb Code     4  anon$$obj.o(Veneer$$Code)
    ADC_ConfigureBoostMode                   0x0810018d   Thumb Code   234  stm32h7xx_hal_adc.o(i.ADC_ConfigureBoostMode)
    ADC_ConversionStop                       0x08100295   Thumb Code   212  stm32h7xx_hal_adc.o(i.ADC_ConversionStop)
    ADC_Enable                               0x08100371   Thumb Code   142  stm32h7xx_hal_adc.o(i.ADC_Enable)
    BSP_W25Qx_Init                           0x08100415   Thumb Code    16  w25q.o(i.BSP_W25Qx_Init)
    Error_Handler                            0x08100429   Thumb Code     4  main.o(i.Error_Handler)
    HAL_ADC_Init                             0x0810042d   Thumb Code   496  stm32h7xx_hal_adc.o(i.HAL_ADC_Init)
    HAL_ADC_MspInit                          0x08100651   Thumb Code    82  adc.o(i.HAL_ADC_MspInit)
    HAL_ADC_Stop                             0x081006b1   Thumb Code    62  stm32h7xx_hal_adc.o(i.HAL_ADC_Stop)
    HAL_Delay                                0x081006f1   Thumb Code    32  stm32h7xx_hal.o(i.HAL_Delay)
    HAL_GPIO_TogglePin                       0x08100715   Thumb Code    14  stm32h7xx_hal_gpio.o(i.HAL_GPIO_TogglePin)
    HAL_GetREVID                             0x08100725   Thumb Code     8  stm32h7xx_hal.o(i.HAL_GetREVID)
    HAL_I2CEx_ConfigAnalogFilter             0x08100731   Thumb Code    88  stm32h7xx_hal_i2c_ex.o(i.HAL_I2CEx_ConfigAnalogFilter)
    HAL_I2C_Init                             0x08100789   Thumb Code   180  stm32h7xx_hal_i2c.o(i.HAL_I2C_Init)
    HAL_I2C_Mem_Write                        0x08100841   Thumb Code   340  stm32h7xx_hal_i2c.o(i.HAL_I2C_Mem_Write)
    HAL_I2C_MspInit                          0x08100999   Thumb Code   190  i2c.o(i.HAL_I2C_MspInit)
    HAL_NVIC_EnableIRQ                       0x08100a6d   Thumb Code    26  stm32h7xx_hal_cortex.o(i.HAL_NVIC_EnableIRQ)
    HAL_NVIC_SetPriority                     0x08100a89   Thumb Code    60  stm32h7xx_hal_cortex.o(i.HAL_NVIC_SetPriority)
    HAL_NVIC_SetPriorityGrouping             0x08100ac9   Thumb Code    28  stm32h7xx_hal_cortex.o(i.HAL_NVIC_SetPriorityGrouping)
    HAL_PWREx_ConfigSupply                   0x08100aed   Thumb Code    78  stm32h7xx_hal_pwr_ex.o(i.HAL_PWREx_ConfigSupply)
    HAL_RCCEx_GetPLL3ClockFreq               0x08100b41   Thumb Code   296  stm32h7xx_hal_rcc_ex.o(i.HAL_RCCEx_GetPLL3ClockFreq)
    HAL_RCCEx_PeriphCLKConfig                0x08100c85   Thumb Code  2234  stm32h7xx_hal_rcc_ex.o(i.HAL_RCCEx_PeriphCLKConfig)
    HAL_RCC_ClockConfig                      0x08101541   Thumb Code   580  stm32h7xx_hal_rcc.o(i.HAL_RCC_ClockConfig)
    HAL_RCC_GetHCLKFreq                      0x0810179d   Thumb Code    52  stm32h7xx_hal_rcc.o(i.HAL_RCC_GetHCLKFreq)
    HAL_RCC_GetPCLK2Freq                     0x081017e1   Thumb Code    26  stm32h7xx_hal_rcc.o(i.HAL_RCC_GetPCLK2Freq)
    HAL_SPI_Transmit                         0x08101805   Thumb Code   566  stm32h7xx_hal_spi.o(i.HAL_SPI_Transmit)
    Icm42688GetGres                          0x08101c89   Thumb Code    76  icm426xx.o(i.Icm42688GetGres)
    Icm42688Init                             0x08101cf9   Thumb Code   356  icm426xx.o(i.Icm42688Init)
    Imu_Test                                 0x08101f5d   Thumb Code     4  icm426xx.o(i.Imu_Test)
    MX_ADC1_Init                             0x08101fa1   Thumb Code   108  adc.o(i.MX_ADC1_Init)
    MX_GPIO_Init                             0x08102019   Thumb Code   298  gpio.o(i.MX_GPIO_Init)
    MX_SPI1_Init                             0x08102155   Thumb Code    62  spi.o(i.MX_SPI1_Init)
    MX_SPI3_Init                             0x0810219d   Thumb Code    64  spi.o(i.MX_SPI3_Init)
    NMI_Handler                              0x081021e5   Thumb Code     2  stm32h7xx_it.o(i.NMI_Handler)
    SVC_Handler                              0x08102429   Thumb Code     2  stm32h7xx_it.o(i.SVC_Handler)
    SysTick_Handler                          0x0810242b   Thumb Code     4  stm32h7xx_it.o(i.SysTick_Handler)
    UART_SetConfig                           0x08102431   Thumb Code   878  stm32h7xx_hal_uart.o(i.UART_SetConfig)
    UART_WaitOnFlagUntilTimeout              0x081027e1   Thumb Code   164  stm32h7xx_hal_uart.o(i.UART_WaitOnFlagUntilTimeout)
    USART_Send_string                        0x08102885   Thumb Code    26  usart.o(i.USART_Send_string)
    _update_pressure                         0x081028a1   Thumb Code   392  bmp280.o(i._update_pressure)
    baro_test                                0x08102a39   Thumb Code    16  bmp280.o(i.baro_test)
    bmp280_ReadID                            0x08102a49   Thumb Code     6  bmp280.o(i.bmp280_ReadID)
    configOSDBL                              0x08102a9d   Thumb Code    32  at7456e.o(i.configOSDBL)
    crc16                                    0x08102abd   Thumb Code    40  public.o(i.crc16)
    decode_MCB_communication_data            0x08102ae5   Thumb Code   448  public.o(i.decode_MCB_communication_data)
    main                                     0x08102d6d   Thumb Code   102  main.o(i.main)
    max7456Init                              0x08102de5   Thumb Code    56  at7456e.o(i.max7456Init)
    user_memcopy                             0x08102e79   Thumb Code    20  public.o(i.user_memcopy)
    __aeabi_ul2f                             0x08102e8d   Thumb Code     0  ffltll_clz.o(x$fpl$ffltll)
    _ll_uto_f                                0x08102e8d   Thumb Code     6  ffltll_clz.o(x$fpl$ffltll)
    __aeabi_l2f                              0x08102e93   Thumb Code     0  ffltll_clz.o(x$fpl$ffltll)
    _ll_sto_f                                0x08102e93   Thumb Code    90  ffltll_clz.o(x$fpl$ffltll)
    __I$use$fp                               0x08102eec   Number         0  usenofp.o(x$fpl$usenofp)
    osd_flag                                 0x24000000   Data           4  main.o(.data)
    VolBat                                   0x24000004   Data           2  adc.o(.data)
    max7456_ID                               0x24000006   Data           1  at7456e.o(.data)
    BFDefault                                0x24000007   Data       13824  at7456e.o(.data)
    OutPort                                  0x24003608   Data         128  gpio.o(.data)
    OutPin                                   0x24003688   Data          64  gpio.o(.data)
    Imu_ID                                   0x240036c8   Data           2  icm426xx.o(.data)
    baroInitFlag                             0x240036d4   Data           1  public.o(.data)
    IOtestIx                                 0x240036d5   Data           1  public.o(.data)
    Chk_cmd                                  0x240036d6   Data           2  public.o(.data)
    baro_pres                                0x240036d8   Data           4  public.o(.data)
    ICname                                   0x240036dc   Data           6  public.o(.data)
    UartType                                 0x240036e4   Data          24  usart.o(.data)
    Flash_ID                                 0x240036fc   Data           2  w25q.o(.data)
    Baro_ID                                  0x24003700   Data           1  bmp280.o(.data)
    bmp280                                   0x24003704   Data           4  bmp280.o(.data)
    uwTickFreq                               0x24003708   Data           1  stm32h7xx_hal.o(.data)
    uwTickPrio                               0x2400370c   Data           4  stm32h7xx_hal.o(.data)
    uwTick                                   0x24003710   Data           4  stm32h7xx_hal.o(.data)
    SystemCoreClock                          0x24003714   Data           4  system_stm32h7xx_1.o(.data)
    SystemD2Clock                            0x24003718   Data           4  system_stm32h7xx_1.o(.data)
    hadc1                                    0x2400371c   Data         100  adc.o(.bss)
    hi2c1                                    0x24003780   Data          76  i2c.o(.bss)
    hi2c2                                    0x240037cc   Data          76  i2c.o(.bss)
    IumData                                  0x24003818   Data          24  icm426xx.o(.bss)
    hspi1                                    0x24003830   Data         136  spi.o(.bss)
    hspi2                                    0x240038b8   Data         136  spi.o(.bss)
    hspi3                                    0x24003940   Data         136  spi.o(.bss)
    hspi4                                    0x240039c8   Data         136  spi.o(.bss)
    UartMes                                  0x24003a50   Data         360  usart.o(.bss)
    huart6                                   0x24003bb8   Data         140  usart.o(.bss)
    bmp280_inst                              0x24003c44   Data          24  bmp280.o(.bss)
    __libspace_start                         0x24003c5c   Data          96  libspace.o(.bss)
    __temporary_stack_top$libspace           0x24003cbc   Data           0  libspace.o(.bss)



==============================================================================

Memory Map of the image

  Image Entry point : 0x08000299

  Load Region LR_IROM1 (Base: 0x08000000, Size: 0x000066d0, Max: 0x00100000, ABSOLUTE, COMPRESSED[0x00003d74])

    Execution Region ER_IROM1 (Exec base: 0x08000000, Load base: 0x08000000, Size: 0x00002fb4, Max: 0x00100000, ABSOLUTE)

    Exec Addr    Load Addr    Size         Type   Attr      Idx    E Section Name        Object

    0x08000000   0x08000000   0x00000298   Data   RO            3    RESET               startup_stm32h742xx.o
    0x08000298   0x08000298   0x00000008   Code   RO         5131  * !!!main             c_w.l(__main.o)
    0x080002a0   0x080002a0   0x00000034   Code   RO         5303    !!!scatter          c_w.l(__scatter.o)
    0x080002d4   0x080002d4   0x00000064   Code   RO         5301    !!dclz77c           c_w.l(__dclz77c.o)
    0x08000338   0x08000338   0x0000001c   Code   RO         5305    !!handler_zi        c_w.l(__scatter_zi.o)
    0x08000354   0x08000354   0x00000002   Code   RO         5258    .ARM.Collect$$libshutdown$$00000000  c_w.l(libshutdown.o)
    0x08000356   0x08000356   0x00000000   Code   RO         5284    .ARM.Collect$$libshutdown$$00000002  c_w.l(libshutdown2.o)
    0x08000356   0x08000356   0x00000000   Code   RO         5286    .ARM.Collect$$libshutdown$$00000004  c_w.l(libshutdown2.o)
    0x08000356   0x08000356   0x00000000   Code   RO         5289    .ARM.Collect$$libshutdown$$00000007  c_w.l(libshutdown2.o)
    0x08000356   0x08000356   0x00000000   Code   RO         5292    .ARM.Collect$$libshutdown$$0000000A  c_w.l(libshutdown2.o)
    0x08000356   0x08000356   0x00000000   Code   RO         5294    .ARM.Collect$$libshutdown$$0000000C  c_w.l(libshutdown2.o)
    0x08000356   0x08000356   0x00000000   Code   RO         5297    .ARM.Collect$$libshutdown$$0000000F  c_w.l(libshutdown2.o)
    0x08000356   0x08000356   0x00000002   Code   RO         5298    .ARM.Collect$$libshutdown$$00000010  c_w.l(libshutdown2.o)
    0x08000358   0x08000358   0x00000000   Code   RO         5135    .ARM.Collect$$rtentry$$00000000  c_w.l(__rtentry.o)
    0x08000358   0x08000358   0x00000000   Code   RO         5142    .ARM.Collect$$rtentry$$00000002  c_w.l(__rtentry2.o)
    0x08000358   0x08000358   0x00000006   Code   RO         5154    .ARM.Collect$$rtentry$$00000004  c_w.l(__rtentry4.o)
    0x0800035e   0x0800035e   0x00000000   Code   RO         5144    .ARM.Collect$$rtentry$$00000009  c_w.l(__rtentry2.o)
    0x0800035e   0x0800035e   0x00000004   Code   RO         5145    .ARM.Collect$$rtentry$$0000000A  c_w.l(__rtentry2.o)
    0x08000362   0x08000362   0x00000000   Code   RO         5147    .ARM.Collect$$rtentry$$0000000C  c_w.l(__rtentry2.o)
    0x08000362   0x08000362   0x00000008   Code   RO         5148    .ARM.Collect$$rtentry$$0000000D  c_w.l(__rtentry2.o)
    0x0800036a   0x0800036a   0x00000002   Code   RO         5175    .ARM.Collect$$rtexit$$00000000  c_w.l(rtexit.o)
    0x0800036c   0x0800036c   0x00000000   Code   RO         5231    .ARM.Collect$$rtexit$$00000002  c_w.l(rtexit2.o)
    0x0800036c   0x0800036c   0x00000004   Code   RO         5232    .ARM.Collect$$rtexit$$00000003  c_w.l(rtexit2.o)
    0x08000370   0x08000370   0x00000006   Code   RO         5233    .ARM.Collect$$rtexit$$00000004  c_w.l(rtexit2.o)
    0x08000376   0x08000376   0x000000ee   Code   RO         5115    .text               c_w.l(lludivv7m.o)
    0x08000464   0x08000464   0x00000064   Code   RO         5123    .text               c_w.l(rt_memcpy_w.o)
    0x080004c8   0x080004c8   0x0000004a   Code   RO         5158    .text               c_w.l(sys_stackheap_outer.o)
    0x08000512   0x08000512   0x00000012   Code   RO         5160    .text               c_w.l(exit.o)
    0x08000524   0x08000524   0x00000050   Code   RO          474    i.ADC1_Test         adc.o
    0x08000574   0x08000574   0x00000068   Code   RO         4633    i.ADC_Disable       stm32h7xx_hal_adc.o
    0x080005dc   0x080005dc   0x000000a0   Code   RO          705    i.AT_GPIO_Init      gpio.o
    0x0800067c   0x0800067c   0x00000028   Code   RO         1220    i.BMP280_Get_Pressure  bmp280.o
    0x080006a4   0x080006a4   0x00000054   Code   RO         1134    i.BSP_W25Qx_GetStatus  w25q.o
    0x080006f8   0x080006f8   0x00000054   Code   RO         1137    i.BSP_W25Qx_Read_ID  w25q.o
    0x0800074c   0x0800074c   0x00000002   Code   RO          241    i.BusFault_Handler  stm32h7xx_it.o
    0x0800074e   0x0800074e   0x00000002   Code   RO          242    i.DebugMon_Handler  stm32h7xx_it.o
    0x08000750   0x08000750   0x00000036   Code   RO          873    i.Get_SerialNum     public.o
    0x08000786   0x08000786   0x00000002   PAD
    0x08000788   0x08000788   0x000003dc   Code   RO         4636    i.HAL_ADC_ConfigChannel  stm32h7xx_hal_adc.o
    0x08000b64   0x08000b64   0x00000006   Code   RO         4643    i.HAL_ADC_GetValue  stm32h7xx_hal_adc.o
    0x08000b6a   0x08000b6a   0x00000002   PAD
    0x08000b6c   0x08000b6c   0x0000011c   Code   RO         4649    i.HAL_ADC_PollForConversion  stm32h7xx_hal_adc.o
    0x08000c88   0x08000c88   0x00000108   Code   RO         4651    i.HAL_ADC_Start     stm32h7xx_hal_adc.o
    0x08000d90   0x08000d90   0x00000230   Code   RO         2527    i.HAL_GPIO_Init     stm32h7xx_hal_gpio.o
    0x08000fc0   0x08000fc0   0x0000000a   Code   RO         2531    i.HAL_GPIO_WritePin  stm32h7xx_hal_gpio.o
    0x08000fca   0x08000fca   0x00000002   PAD
    0x08000fcc   0x08000fcc   0x0000000c   Code   RO         3404    i.HAL_GetTick       stm32h7xx_hal.o
    0x08000fd8   0x08000fd8   0x00000054   Code   RO         4180    i.HAL_I2CEx_ConfigDigitalFilter  stm32h7xx_hal_i2c_ex.o
    0x0800102c   0x0800102c   0x00000164   Code   RO         3746    i.HAL_I2C_Mem_Read  stm32h7xx_hal_i2c.o
    0x08001190   0x08001190   0x00000010   Code   RO         3410    i.HAL_IncTick       stm32h7xx_hal.o
    0x080011a0   0x080011a0   0x0000005c   Code   RO         3411    i.HAL_Init          stm32h7xx_hal.o
    0x080011fc   0x080011fc   0x00000040   Code   RO         3412    i.HAL_InitTick      stm32h7xx_hal.o
    0x0800123c   0x0800123c   0x0000001c   Code   RO          434    i.HAL_MspInit       stm32h7xx_hal_msp.o
    0x08001258   0x08001258   0x00000024   Code   RO         2148    i.HAL_RCCEx_GetD3PCLK1Freq  stm32h7xx_hal_rcc_ex.o
    0x0800127c   0x0800127c   0x00000144   Code   RO         2149    i.HAL_RCCEx_GetPLL1ClockFreq  stm32h7xx_hal_rcc_ex.o
    0x080013c0   0x080013c0   0x00000144   Code   RO         2150    i.HAL_RCCEx_GetPLL2ClockFreq  stm32h7xx_hal_rcc_ex.o
    0x08001504   0x08001504   0x000001dc   Code   RO         2153    i.HAL_RCCEx_GetPeriphCLKFreq  stm32h7xx_hal_rcc_ex.o
    0x080016e0   0x080016e0   0x00000024   Code   RO         2040    i.HAL_RCC_GetPCLK1Freq  stm32h7xx_hal_rcc.o
    0x08001704   0x08001704   0x00000138   Code   RO         2042    i.HAL_RCC_GetSysClockFreq  stm32h7xx_hal_rcc.o
    0x0800183c   0x0800183c   0x00000508   Code   RO         2045    i.HAL_RCC_OscConfig  stm32h7xx_hal_rcc.o
    0x08001d44   0x08001d44   0x00000140   Code   RO         4316    i.HAL_SPI_Init      stm32h7xx_hal_spi.o
    0x08001e84   0x08001e84   0x000001b4   Code   RO          970    i.HAL_SPI_MspInit   spi.o
    0x08002038   0x08002038   0x0000024e   Code   RO         4319    i.HAL_SPI_Receive   stm32h7xx_hal_spi.o
    0x08002286   0x08002286   0x00000320   Code   RO         4325    i.HAL_SPI_TransmitReceive  stm32h7xx_hal_spi.o
    0x080025a6   0x080025a6   0x00000026   Code   RO         1377    i.HAL_SYSTICK_Config  stm32h7xx_hal_cortex.o
    0x080025cc   0x080025cc   0x0000006a   Code   RO         1565    i.HAL_UART_Init     stm32h7xx_hal_uart.o
    0x08002636   0x08002636   0x00000002   PAD
    0x08002638   0x08002638   0x00000080   Code   RO          436    i.HAL_UART_MspInit  stm32h7xx_hal_msp.o
    0x080026b8   0x080026b8   0x00000002   Code   RO          243    i.HardFault_Handler  stm32h7xx_it.o
    0x080026ba   0x080026ba   0x00000022   Code   RO         3775    i.I2C_Flush_TXDR    stm32h7xx_hal_i2c.o
    0x080026dc   0x080026dc   0x0000002c   Code   RO         3790    i.I2C_TransferConfig  stm32h7xx_hal_i2c.o
    0x08002708   0x08002708   0x00000048   Code   RO          800    i.Icm42688GetAres   icm426xx.o
    0x08002750   0x08002750   0x00000058   Code   RO          751    i.MX_I2C2_Init      i2c.o
    0x080027a8   0x080027a8   0x00000048   Code   RO          972    i.MX_SPI2_Init      spi.o
    0x080027f0   0x080027f0   0x00000048   Code   RO          974    i.MX_SPI4_Init      spi.o
    0x08002838   0x08002838   0x00000040   Code   RO         1082    i.MX_USART6_Init    usart.o
    0x08002878   0x08002878   0x00000002   Code   RO          244    i.MemManage_Handler  stm32h7xx_it.o
    0x0800287a   0x0800287a   0x00000002   Code   RO          246    i.PendSV_Handler    stm32h7xx_it.o
    0x0800287c   0x0800287c   0x000000bc   Code   RO         4335    i.SPI_CloseTransfer  stm32h7xx_hal_spi.o
    0x08002938   0x08002938   0x00000042   Code   RO         4352    i.SPI_WaitOnFlagUntilTimeout  stm32h7xx_hal_spi.o
    0x0800297a   0x0800297a   0x00000004   Code   RO         1035    i.STMFLASH_ReadWord  stmflash.o
    0x0800297e   0x0800297e   0x00000002   PAD
    0x08002980   0x08002980   0x00000060   Code   RO          874    i.Send_packet       public.o
    0x080029e0   0x080029e0   0x000000ac   Code   RO           14    i.SystemClock_Config  main.o
    0x08002a8c   0x08002a8c   0x000000e4   Code   RO         5080    i.SystemInit        system_stm32h7xx_1.o
    0x08002b70   0x08002b70   0x000000c8   Code   RO         1579    i.UART_AdvFeatureConfig  stm32h7xx_hal_uart.o
    0x08002c38   0x08002c38   0x0000005e   Code   RO         1580    i.UART_CheckIdleState  stm32h7xx_hal_uart.o
    0x08002c96   0x08002c96   0x00000096   Code   RO         1083    i.UART_Receive_INT_CallBack  usart.o
    0x08002d2c   0x08002d2c   0x00000010   Code   RO         1084    i.USART6_IRQHandler  usart.o
    0x08002d3c   0x08002d3c   0x00000002   Code   RO          249    i.UsageFault_Handler  stm32h7xx_it.o
    0x08002d3e   0x08002d3e   0x00000022   Code   RO         1379    i.__NVIC_SetPriority  stm32h7xx_hal_cortex.o
    0x08002d60   0x08002d60   0x0000001c   Code   RO         1225    i.bmp280_Read_Bytes  bmp280.o
    0x08002d7c   0x08002d7c   0x00000080   Code   RO         1227    i.bmp280_init       bmp280.o
    0x08002dfc   0x08002dfc   0x00000094   Code   RO          806    i.icm42688_read_regs  icm426xx.o
    0x08002e90   0x08002e90   0x00000074   Code   RO          807    i.icm42688_write_reg  icm426xx.o
    0x08002f04   0x08002f04   0x00000044   Code   RO          549    i.write_reg         at7456e.o
    0x08002f48   0x08002f48   0x0000000a   Code   RO         5243    x$fpl$fpinit        fz_wv.l(fpinit.o)
    0x08002f52   0x08002f52   0x00000002   PAD
    0x08002f54   0x08002f54   0x00000016   Data   RO           18    .constdata          main.o
    0x08002f6a   0x08002f6a   0x00000018   Data   RO         1603    .constdata          stm32h7xx_hal_uart.o
    0x08002f82   0x08002f82   0x00000010   Data   RO         5081    .constdata          system_stm32h7xx_1.o
    0x08002f92   0x08002f92   0x00000002   PAD
    0x08002f94   0x08002f94   0x00000020   Data   RO         5299    Region$$Table       anon$$obj.o


    Execution Region RW_IRAM1 (Exec base: 0x20000000, Load base: 0x08002fb4, Size: 0x00000000, Max: 0x00020000, ABSOLUTE)

    **** No section assigned to this execution region ****


    Execution Region RW_IRAM2 (Exec base: 0x24000000, Load base: 0x08002fb4, Size: 0x000042c0, Max: 0x00080000, ABSOLUTE, COMPRESSED[0x00000dc0])

    Exec Addr    Load Addr    Size         Type   Attr      Idx    E Section Name        Object

    0x24000000   COMPRESSED   0x00000004   Data   RW           19    .data               main.o
    0x24000004   COMPRESSED   0x00000002   Data   RW          479    .data               adc.o
    0x24000006   COMPRESSED   0x00003601   Data   RW          550    .data               at7456e.o
    0x24003607   COMPRESSED   0x00000001   PAD
    0x24003608   COMPRESSED   0x000000c0   Data   RW          707    .data               gpio.o
    0x240036c8   COMPRESSED   0x0000000c   Data   RW          809    .data               icm426xx.o
    0x240036d4   COMPRESSED   0x0000000e   Data   RW          881    .data               public.o
    0x240036e2   COMPRESSED   0x00000002   PAD
    0x240036e4   COMPRESSED   0x00000018   Data   RW         1087    .data               usart.o
    0x240036fc   COMPRESSED   0x00000002   Data   RW         1141    .data               w25q.o
    0x240036fe   COMPRESSED   0x00000002   PAD
    0x24003700   COMPRESSED   0x00000008   Data   RW         1229    .data               bmp280.o
    0x24003708   COMPRESSED   0x0000000c   Data   RW         3433    .data               stm32h7xx_hal.o
    0x24003714   COMPRESSED   0x00000008   Data   RW         5082    .data               system_stm32h7xx_1.o
    0x2400371c        -       0x00000064   Zero   RW          478    .bss                adc.o
    0x24003780        -       0x00000098   Zero   RW          752    .bss                i2c.o
    0x24003818        -       0x00000018   Zero   RW          808    .bss                icm426xx.o
    0x24003830        -       0x00000220   Zero   RW          975    .bss                spi.o
    0x24003a50        -       0x000001f4   Zero   RW         1086    .bss                usart.o
    0x24003c44        -       0x00000018   Zero   RW         1228    .bss                bmp280.o
    0x24003c5c        -       0x00000060   Zero   RW         5173    .bss                c_w.l(libspace.o)
    0x24003cbc   COMPRESSED   0x00000004   PAD
    0x24003cc0        -       0x00000200   Zero   RW            2    HEAP                startup_stm32h742xx.o
    0x24003ec0        -       0x00000400   Zero   RW            1    STACK               startup_stm32h742xx.o



  Load Region LR_IROM2 (Base: 0x08100000, Size: 0x00002eec, Max: 0x00100000, ABSOLUTE)

    Execution Region ER_IROM2 (Exec base: 0x08100000, Load base: 0x08100000, Size: 0x00002eec, Max: 0x00100000, ABSOLUTE)

    Exec Addr    Load Addr    Size         Type   Attr      Idx    E Section Name        Object

    0x08100000   0x08100000   0x00000002   Code   RO         5171    .ARM.Collect$$libinit$$00000000  c_w.l(libinit.o)
    0x08100002   0x08100002   0x00000004   Code   RO         5183    .ARM.Collect$$libinit$$00000001  c_w.l(libinit2.o)
    0x08100006   0x08100006   0x00000000   Code   RO         5186    .ARM.Collect$$libinit$$00000004  c_w.l(libinit2.o)
    0x08100006   0x08100006   0x00000000   Code   RO         5189    .ARM.Collect$$libinit$$0000000A  c_w.l(libinit2.o)
    0x08100006   0x08100006   0x00000000   Code   RO         5191    .ARM.Collect$$libinit$$0000000C  c_w.l(libinit2.o)
    0x08100006   0x08100006   0x00000000   Code   RO         5193    .ARM.Collect$$libinit$$0000000E  c_w.l(libinit2.o)
    0x08100006   0x08100006   0x00000000   Code   RO         5196    .ARM.Collect$$libinit$$00000011  c_w.l(libinit2.o)
    0x08100006   0x08100006   0x00000000   Code   RO         5198    .ARM.Collect$$libinit$$00000013  c_w.l(libinit2.o)
    0x08100006   0x08100006   0x00000000   Code   RO         5200    .ARM.Collect$$libinit$$00000015  c_w.l(libinit2.o)
    0x08100006   0x08100006   0x00000000   Code   RO         5202    .ARM.Collect$$libinit$$00000017  c_w.l(libinit2.o)
    0x08100006   0x08100006   0x00000000   Code   RO         5204    .ARM.Collect$$libinit$$00000019  c_w.l(libinit2.o)
    0x08100006   0x08100006   0x00000000   Code   RO         5206    .ARM.Collect$$libinit$$0000001B  c_w.l(libinit2.o)
    0x08100006   0x08100006   0x00000000   Code   RO         5208    .ARM.Collect$$libinit$$0000001D  c_w.l(libinit2.o)
    0x08100006   0x08100006   0x00000000   Code   RO         5210    .ARM.Collect$$libinit$$0000001F  c_w.l(libinit2.o)
    0x08100006   0x08100006   0x00000000   Code   RO         5212    .ARM.Collect$$libinit$$00000021  c_w.l(libinit2.o)
    0x08100006   0x08100006   0x00000000   Code   RO         5214    .ARM.Collect$$libinit$$00000023  c_w.l(libinit2.o)
    0x08100006   0x08100006   0x00000000   Code   RO         5216    .ARM.Collect$$libinit$$00000025  c_w.l(libinit2.o)
    0x08100006   0x08100006   0x00000000   Code   RO         5220    .ARM.Collect$$libinit$$0000002C  c_w.l(libinit2.o)
    0x08100006   0x08100006   0x00000000   Code   RO         5222    .ARM.Collect$$libinit$$0000002E  c_w.l(libinit2.o)
    0x08100006   0x08100006   0x00000000   Code   RO         5224    .ARM.Collect$$libinit$$00000030  c_w.l(libinit2.o)
    0x08100006   0x08100006   0x00000000   Code   RO         5226    .ARM.Collect$$libinit$$00000032  c_w.l(libinit2.o)
    0x08100006   0x08100006   0x00000002   Code   RO         5227    .ARM.Collect$$libinit$$00000033  c_w.l(libinit2.o)
    0x08100008   0x08100008   0x00000040   Code   RO            4    .text               startup_stm32h742xx.o
    0x08100048   0x08100048   0x00000048   Code   RO         5117    .text               c_w.l(llsdiv.o)
    0x08100090   0x08100090   0x0000008a   Code   RO         5121    .text               c_w.l(rt_memcpy_v6.o)
    0x0810011a   0x0810011a   0x0000004e   Code   RO         5127    .text               c_w.l(rt_memclr_w.o)
    0x08100168   0x08100168   0x00000006   Code   RO         5129    .text               c_w.l(heapauxi.o)
    0x0810016e   0x0810016e   0x00000002   PAD
    0x08100170   0x08100170   0x00000008   Code   RO         5172    .text               c_w.l(libspace.o)
    0x08100178   0x08100178   0x0000000c   Code   RO         5228    .text               c_w.l(sys_exit.o)
    0x08100184   0x08100184   0x00000002   Code   RO         5247    .text               c_w.l(use_no_semi.o)
    0x08100186   0x08100186   0x00000000   Code   RO         5249    .text               c_w.l(indicate_semi.o)
    0x08100186   0x08100186   0x00000002   PAD
    0x08100188   0x08100188   0x00000004   Ven    RO         5307    Veneer$$Code        anon$$obj.o
    0x0810018c   0x0810018c   0x00000108   Code   RO         4628    i.ADC_ConfigureBoostMode  stm32h7xx_hal_adc.o
    0x08100294   0x08100294   0x000000dc   Code   RO         4629    i.ADC_ConversionStop  stm32h7xx_hal_adc.o
    0x08100370   0x08100370   0x000000a4   Code   RO         4634    i.ADC_Enable        stm32h7xx_hal_adc.o
    0x08100414   0x08100414   0x00000014   Code   RO         1135    i.BSP_W25Qx_Init    w25q.o
    0x08100428   0x08100428   0x00000004   Code   RO           13    i.Error_Handler     main.o
    0x0810042c   0x0810042c   0x00000224   Code   RO         4645    i.HAL_ADC_Init      stm32h7xx_hal_adc.o
    0x08100650   0x08100650   0x00000060   Code   RO          476    i.HAL_ADC_MspInit   adc.o
    0x081006b0   0x081006b0   0x0000003e   Code   RO         4654    i.HAL_ADC_Stop      stm32h7xx_hal_adc.o
    0x081006ee   0x081006ee   0x00000002   PAD
    0x081006f0   0x081006f0   0x00000024   Code   RO         3388    i.HAL_Delay         stm32h7xx_hal.o
    0x08100714   0x08100714   0x0000000e   Code   RO         2530    i.HAL_GPIO_TogglePin  stm32h7xx_hal_gpio.o
    0x08100722   0x08100722   0x00000002   PAD
    0x08100724   0x08100724   0x0000000c   Code   RO         3403    i.HAL_GetREVID      stm32h7xx_hal.o
    0x08100730   0x08100730   0x00000058   Code   RO         4179    i.HAL_I2CEx_ConfigAnalogFilter  stm32h7xx_hal_i2c_ex.o
    0x08100788   0x08100788   0x000000b8   Code   RO         3728    i.HAL_I2C_Init      stm32h7xx_hal_i2c.o
    0x08100840   0x08100840   0x00000158   Code   RO         3749    i.HAL_I2C_Mem_Write  stm32h7xx_hal_i2c.o
    0x08100998   0x08100998   0x000000d4   Code   RO          749    i.HAL_I2C_MspInit   i2c.o
    0x08100a6c   0x08100a6c   0x0000001a   Code   RO         1366    i.HAL_NVIC_EnableIRQ  stm32h7xx_hal_cortex.o
    0x08100a86   0x08100a86   0x00000002   PAD
    0x08100a88   0x08100a88   0x00000040   Code   RO         1372    i.HAL_NVIC_SetPriority  stm32h7xx_hal_cortex.o
    0x08100ac8   0x08100ac8   0x00000024   Code   RO         1373    i.HAL_NVIC_SetPriorityGrouping  stm32h7xx_hal_cortex.o
    0x08100aec   0x08100aec   0x00000054   Code   RO         3128    i.HAL_PWREx_ConfigSupply  stm32h7xx_hal_pwr_ex.o
    0x08100b40   0x08100b40   0x00000144   Code   RO         2151    i.HAL_RCCEx_GetPLL3ClockFreq  stm32h7xx_hal_rcc_ex.o
    0x08100c84   0x08100c84   0x000008ba   Code   RO         2157    i.HAL_RCCEx_PeriphCLKConfig  stm32h7xx_hal_rcc_ex.o
    0x0810153e   0x0810153e   0x00000002   PAD
    0x08101540   0x08101540   0x0000025c   Code   RO         2033    i.HAL_RCC_ClockConfig  stm32h7xx_hal_rcc.o
    0x0810179c   0x0810179c   0x00000044   Code   RO         2038    i.HAL_RCC_GetHCLKFreq  stm32h7xx_hal_rcc.o
    0x081017e0   0x081017e0   0x00000024   Code   RO         2041    i.HAL_RCC_GetPCLK2Freq  stm32h7xx_hal_rcc.o
    0x08101804   0x08101804   0x00000236   Code   RO         4324    i.HAL_SPI_Transmit  stm32h7xx_hal_spi.o
    0x08101a3a   0x08101a3a   0x00000002   PAD
    0x08101a3c   0x08101a3c   0x00000088   Code   RO         3783    i.I2C_IsAcknowledgeFailed  stm32h7xx_hal_i2c.o
    0x08101ac4   0x08101ac4   0x00000064   Code   RO         3786    i.I2C_RequestMemoryRead  stm32h7xx_hal_i2c.o
    0x08101b28   0x08101b28   0x00000064   Code   RO         3787    i.I2C_RequestMemoryWrite  stm32h7xx_hal_i2c.o
    0x08101b8c   0x08101b8c   0x0000005a   Code   RO         3792    i.I2C_WaitOnFlagUntilTimeout  stm32h7xx_hal_i2c.o
    0x08101be6   0x08101be6   0x0000004e   Code   RO         3794    i.I2C_WaitOnSTOPFlagUntilTimeout  stm32h7xx_hal_i2c.o
    0x08101c34   0x08101c34   0x00000052   Code   RO         3795    i.I2C_WaitOnTXISFlagUntilTimeout  stm32h7xx_hal_i2c.o
    0x08101c86   0x08101c86   0x00000002   PAD
    0x08101c88   0x08101c88   0x00000070   Code   RO          801    i.Icm42688GetGres   icm426xx.o
    0x08101cf8   0x08101cf8   0x00000168   Code   RO          802    i.Icm42688Init      icm426xx.o
    0x08101e60   0x08101e60   0x000000fc   Code   RO          803    i.IcmGetRawData     icm426xx.o
    0x08101f5c   0x08101f5c   0x00000004   Code   RO          804    i.Imu_Test          icm426xx.o
    0x08101f60   0x08101f60   0x00000008   Code   RO         4657    i.LL_ADC_INJ_IsConversionOngoing  stm32h7xx_hal_adc.o
    0x08101f68   0x08101f68   0x00000008   Code   RO         4658    i.LL_ADC_REG_IsConversionOngoing  stm32h7xx_hal_adc.o
    0x08101f70   0x08101f70   0x00000010   Code   RO         4659    i.LL_ADC_REG_IsTriggerSourceSWStart  stm32h7xx_hal_adc.o
    0x08101f80   0x08101f80   0x0000001e   Code   RO         4661    i.LL_ADC_SetChannelSamplingTime  stm32h7xx_hal_adc.o
    0x08101f9e   0x08101f9e   0x00000002   PAD
    0x08101fa0   0x08101fa0   0x00000078   Code   RO          477    i.MX_ADC1_Init      adc.o
    0x08102018   0x08102018   0x0000013c   Code   RO          706    i.MX_GPIO_Init      gpio.o
    0x08102154   0x08102154   0x00000048   Code   RO          971    i.MX_SPI1_Init      spi.o
    0x0810219c   0x0810219c   0x00000048   Code   RO          973    i.MX_SPI3_Init      spi.o
    0x081021e4   0x081021e4   0x00000002   Code   RO          245    i.NMI_Handler       stm32h7xx_it.o
    0x081021e6   0x081021e6   0x00000002   PAD
    0x081021e8   0x081021e8   0x00000120   Code   RO         2160    i.RCCEx_PLL2_Config  stm32h7xx_hal_rcc_ex.o
    0x08102308   0x08102308   0x00000120   Code   RO         2161    i.RCCEx_PLL3_Config  stm32h7xx_hal_rcc_ex.o
    0x08102428   0x08102428   0x00000002   Code   RO          247    i.SVC_Handler       stm32h7xx_it.o
    0x0810242a   0x0810242a   0x00000004   Code   RO          248    i.SysTick_Handler   stm32h7xx_it.o
    0x0810242e   0x0810242e   0x00000002   PAD
    0x08102430   0x08102430   0x000003b0   Code   RO         1597    i.UART_SetConfig    stm32h7xx_hal_uart.o
    0x081027e0   0x081027e0   0x000000a4   Code   RO         1602    i.UART_WaitOnFlagUntilTimeout  stm32h7xx_hal_uart.o
    0x08102884   0x08102884   0x0000001a   Code   RO         1085    i.USART_Send_string  usart.o
    0x0810289e   0x0810289e   0x00000002   PAD
    0x081028a0   0x081028a0   0x00000198   Code   RO         1221    i._update_pressure  bmp280.o
    0x08102a38   0x08102a38   0x00000010   Code   RO         1222    i.baro_test         bmp280.o
    0x08102a48   0x08102a48   0x00000006   Code   RO         1223    i.bmp280_ReadID     bmp280.o
    0x08102a4e   0x08102a4e   0x00000002   PAD
    0x08102a50   0x08102a50   0x00000028   Code   RO         1224    i.bmp280_Read_Byte  bmp280.o
    0x08102a78   0x08102a78   0x00000024   Code   RO         1226    i.bmp280_Write_Byte  bmp280.o
    0x08102a9c   0x08102a9c   0x00000020   Code   RO          537    i.configOSDBL       at7456e.o
    0x08102abc   0x08102abc   0x00000028   Code   RO          875    i.crc16             public.o
    0x08102ae4   0x08102ae4   0x000001ec   Code   RO          876    i.decode_MCB_communication_data  public.o
    0x08102cd0   0x08102cd0   0x0000009c   Code   RO          805    i.icm42688_read_reg  icm426xx.o
    0x08102d6c   0x08102d6c   0x00000078   Code   RO           16    i.main              main.o
    0x08102de4   0x08102de4   0x0000003c   Code   RO          538    i.max7456Init       at7456e.o
    0x08102e20   0x08102e20   0x00000058   Code   RO          541    i.read_reg          at7456e.o
    0x08102e78   0x08102e78   0x00000014   Code   RO          878    i.user_memcopy      public.o
    0x08102e8c   0x08102e8c   0x00000060   Code   RO         5133    x$fpl$ffltll        fz_wv.l(ffltll_clz.o)
    0x08102eec   0x08102eec   0x00000000   Code   RO         5140    x$fpl$usenofp       fz_wv.l(usenofp.o)


==============================================================================

Image component sizes


      Code (inc. data)   RO Data    RW Data    ZI Data      Debug   Object Name

       296         44          0          2        100       2344   adc.o
       248         24          0      13825          0       5541   at7456e.o
       702         34          0          8         24       8420   bmp280.o
       476         26          0        192          0       2235   gpio.o
       300         34          0          0        152       1971   i2c.o
      1220        132          0         12         24      10723   icm426xx.o
       296         28         22          4          0     133412   main.o
       702         48          0         14          0       4894   public.o
       724         70          0          0        544       4004   spi.o
        64         26        664          0       1536        828   startup_stm32h742xx.o
       232         44          0         12          0      23344   stm32h7xx_hal.o
      2966        226          0          0          0      76110   stm32h7xx_hal_adc.o
       198         12          0          0          0      38915   stm32h7xx_hal_cortex.o
       584         50          0          0          0       3293   stm32h7xx_hal_gpio.o
      1548         38          0          0          0      11814   stm32h7xx_hal_i2c.o
       172          0          0          0          0       2055   stm32h7xx_hal_i2c_ex.o
       156         18          0          0          0       1641   stm32h7xx_hal_msp.o
        84          6          0          0          0        777   stm32h7xx_hal_pwr_ex.o
      2344        108          0          0          0       7048   stm32h7xx_hal_rcc.o
      4294        170          0          0          0      10319   stm32h7xx_hal_rcc_ex.o
      2530         12          0          0          0       8826   stm32h7xx_hal_spi.o
      1508        108         24          0          0      24486   stm32h7xx_hal_uart.o
        20          0          0          0          0    1248935   stm32h7xx_it.o
         4          0          0          0          0        912   stmflash.o
       228         40         16          8          0       1506   system_stm32h7xx_1.o
       256         18          0         24        500       3588   usart.o
       188         32          0          2          0       2544   w25q.o

    ----------------------------------------------------------------------
     22376       1348        760      14108       2880    1640485   Object Totals
         4          0         32          0          0          0   (incl. Generated)
        32          0          2          5          0          0   (incl. Padding)

    ----------------------------------------------------------------------

      Code (inc. data)   RO Data    RW Data    ZI Data      Debug   Library Member Name

       100          0          0          0          0          0   __dclz77c.o
         8          0          0          0          0         68   __main.o
         0          0          0          0          0          0   __rtentry.o
        12          0          0          0          0          0   __rtentry2.o
         6          0          0          0          0          0   __rtentry4.o
        52          8          0          0          0          0   __scatter.o
        28          0          0          0          0          0   __scatter_zi.o
        18          0          0          0          0         80   exit.o
         6          0          0          0          0        152   heapauxi.o
         0          0          0          0          0          0   indicate_semi.o
         2          0          0          0          0          0   libinit.o
         6          0          0          0          0          0   libinit2.o
         2          0          0          0          0          0   libshutdown.o
         2          0          0          0          0          0   libshutdown2.o
         8          4          0          0         96         68   libspace.o
        72          0          0          0          0         76   llsdiv.o
       238          0          0          0          0        100   lludivv7m.o
        78          0          0          0          0         80   rt_memclr_w.o
       138          0          0          0          0         68   rt_memcpy_v6.o
       100          0          0          0          0         80   rt_memcpy_w.o
         2          0          0          0          0          0   rtexit.o
        10          0          0          0          0          0   rtexit2.o
        12          4          0          0          0         68   sys_exit.o
        74          0          0          0          0         80   sys_stackheap_outer.o
         2          0          0          0          0         68   use_no_semi.o
        96          0          0          0          0        132   ffltll_clz.o
        10          0          0          0          0        116   fpinit.o
         0          0          0          0          0          0   usenofp.o

    ----------------------------------------------------------------------
      1088         16          0          0        100       1236   Library Totals
         6          0          0          0          4          0   (incl. Padding)

    ----------------------------------------------------------------------

      Code (inc. data)   RO Data    RW Data    ZI Data      Debug   Library Name

       976         16          0          0         96        988   c_w.l
       106          0          0          0          0        248   fz_wv.l

    ----------------------------------------------------------------------
      1088         16          0          0        100       1236   Library Totals

    ----------------------------------------------------------------------

==============================================================================


      Code (inc. data)   RO Data    RW Data    ZI Data      Debug   

     23464       1364        760      14108       2980    1629605   Grand Totals
     23464       1364        760       3520       2980    1629605   ELF Image Totals (compressed)
     23464       1364        760       3520          0          0   ROM Totals

==============================================================================

    Total RO  Size (Code + RO Data)                24224 (  23.66kB)
    Total RW  Size (RW Data + ZI Data)             17088 (  16.69kB)
    Total ROM Size (Code + RO Data + RW Data)      27744 (  27.09kB)

==============================================================================

